=== job memmaze-community-d4-mem2mem-calib-b4-r3 on mlcbm012 | jobid 429431 | Thu Aug  6 19:55:54 CEST 2026 ===
NVIDIA H100 80GB HBM3, 81559 MiB
=== commit: d10e17d28d341feee3a9e0301a08576ad6f3057a ===
=== reusing cached venv /weka/martius/mot936/venvs/venv-b05c6eb3f672f99e ===
=== running: env D4_BATCH_SIZE=4 D4_NUM_WORKERS=4 bash experiments/dreamer4-community-mem2mem/calibrate_h100.sh ===
[synth] 5 npz of T=60 -> /scratch_local/mot936-429431/tmp/d4val_zegykwz_/raw
5/5 traj  (122.1/s, 9 shards, peak_rss=0.50 GiB)
DONE task=memmaze: 5 trajectories, N=300 frames, 10 shards (shard_size=32), n_actions=[6]
  frames -> /scratch_local/mot936-429431/tmp/d4val_zegykwz_/d4/shards/memmaze
  demo   -> /scratch_local/mot936-429431/tmp/d4val_zegykwz_/d4/demos/memmaze.pt  (episode/action(A=16)/reward, N=300)
[ShardedFrameDataset] roots=1, shards=10, seq_starts=230
[tokenizer] ShardedFrameDataset ok: sample=(8, 3, 64, 64) range=[0.00,1.00]
[WMDataset] Warning: tasks_json not found at __none__ (continuing with zeros lang_emb + default action masks).
[WMDataset] Task filter: keeping 1/1 tasks
[WMDataset] task=memmaze segments=1 N_eff=300 valid=220 act_dim=16 lang=no
[WMDataset] Total valid sequences: 220 across 1 tasks.
[dynamics] WMDataset ok: obs=(4, 17, 3, 64, 64) act=(4, 16, 16) (clean one-hot in first 6)
[alignment] raw action[t] -> raw image[t] survives conversion, WMDataset, and train shift exactly
[model] 64x64 forward ok: z=(2, 6, 16, 32) z1_packed=(2, 6, 8, 64) dyn_out=(2, 6, 8, 64) (output is 0 on untrained model: flow_x_head is zero-init)

VALIDATION PASSED - community WMDataset + ShardedFrameDataset + model accept the format at 64x64.
[gate 1a] vanilla construction/forward parity max_abs=0
[gate 2] seed-0 shared initialization bit-identical; only memory_tokens is new
[gate 3] shapes correct; future perturbation changes earlier outputs by max_abs=0
[gate 4] relay grad=5.209043e-06; deliberate-detach grad=0.0
[gates 5/6] distinct-channel matched-input effects: {'memory_prediction': 0.010959982872009277, 'memory_write': 0.8189592361450195, 'actions': 1.8417835235595703e-05, 'registers': 0.0002696514129638672}
[gate 7] unique loss accounting; segmented-vs-monolithic grad max_abs=0.0
[gate 10a] finite beyond eviction; blank-after-eviction effect=4.108697e-03; vanilla/memory target-noise generator states match
MODEL/ROLLOUT VALIDATION PASSED
MEM2MEM SETUP PASSED
D4_ROOT=/weka/martius/mot936/dreamerv4-tests/runs/dreamer4-community-mem2mem/upstream-b8abafbf-004e14cba1ee
D4_PYTHON=/weka/martius/mot936/dreamerv4-tests/runs/dreamer4-community-baseline/envs/venv-82924c6c2b64/bin/python
{
  "root": "/weka/martius/mot936/dreamerv4-tests/data/d4_memmaze_community/train-part0-v2",
  "task": "memmaze",
  "trajectories": 2900,
  "frames": 2902900,
  "shards": 1418,
  "trajectory_names_sha256": "066ad5ca371f8a4ad6d280ceb0c5630926dbc8b03d1d251bbd2ad18d0065b83d"
}
{
  "root": "/weka/martius/mot936/dreamerv4-tests/data/d4_memmaze_community/eval-v2",
  "task": "memmaze",
  "trajectories": 1000,
  "frames": 1001000,
  "shards": 489,
  "trajectory_names_sha256": "a16019bcd51f662de671258f320729f8e67613f1b235df873384d77c0bd0b53a"
}
SPLIT DISJOINTNESS PASSED
CONVERSION VALIDATION PASSED
/weka/martius/mot936/dreamerv4-tests/runs/dreamer4-community-baseline/envs/venv-82924c6c2b64/lib64/python3.11/site-packages/pydantic/_internal/_generate_schema.py:2274: UnsupportedFieldAttributeWarning: The 'repr' attribute with value False was provided to the `Field()` function, which has no effect in the context it was used. 'repr' is field-specific metadata, and can only be attached to a model field using `Annotated` metadata or by assignment. This may have happened because an `Annotated` type alias using the `type` statement was used, or if the `Field()` function was attached to a single member of a union type.
  warnings.warn(
/weka/martius/mot936/dreamerv4-tests/runs/dreamer4-community-baseline/envs/venv-82924c6c2b64/lib64/python3.11/site-packages/pydantic/_internal/_generate_schema.py:2274: UnsupportedFieldAttributeWarning: The 'frozen' attribute with value True was provided to the `Field()` function, which has no effect in the context it was used. 'frozen' is field-specific metadata, and can only be attached to a model field using `Annotated` metadata or by assignment. This may have happened because an `Annotated` type alias using the `type` statement was used, or if the `Field()` function was attached to a single member of a union type.
  warnings.warn(
{
  "action_alignment": "raw action[t] produced raw image[t]",
  "channel_order": "RGB",
  "content_overlap": 0,
  "encoding_strategy": "online exact (episode,start,W) windows; no whole-clip cache",
  "eval_manifest_sha256": "3739484c11a87dca14c714b3b491e24e923f9a0a0c48c11cc4bf2e6950e62d20",
  "eval_trajectories": 1000,
  "eval_trajectory_names_sha256": "a16019bcd51f662de671258f320729f8e67613f1b235df873384d77c0bd0b53a",
  "repeated_window_encoding_max_abs": 0.0,
  "tokenizer_config_d_bottleneck": 32,
  "tokenizer_config_n_latents": 16,
  "tokenizer_latent_shape": [
    1,
    32,
    16,
    32
  ],
  "tokenizer_sha256": "347052fae0212ea2c6b943ae7c28a886298ce551d4155b882084d63a3ea48797",
  "train_manifest_sha256": "834c9b29e4436614694635826d570d3695542058e020487500691e8954ab673c",
  "train_trajectories": 2900,
  "train_trajectory_names_sha256": "066ad5ca371f8a4ad6d280ceb0c5630926dbc8b03d1d251bbd2ad18d0065b83d",
  "window": 32
}
DATA IDENTITY VALIDATION PASSED
[gate 1a] vanilla construction/forward parity max_abs=0
[gate 2] seed-0 shared initialization bit-identical; only memory_tokens is new
[gate 3] shapes correct; future perturbation changes earlier outputs by max_abs=0
[gate 4] relay grad=5.209043e-06; deliberate-detach grad=0.0
[gates 5/6] distinct-channel matched-input effects: {'memory_prediction': 0.010959982872009277, 'memory_write': 0.8189592361450195, 'actions': 1.8417835235595703e-05, 'registers': 0.0002696514129638672}
[gate 7] unique loss accounting; segmented-vs-monolithic grad max_abs=0.0
[gate 10a] finite beyond eviction; blank-after-eviction effect=4.108697e-03; vanilla/memory target-noise generator states match
[gate 1b] approved vanilla checkpoint strict-load parity max_abs=0.0 sha256=7b077938fec776c74e62201ab79194a7a06e10e54856c69d47b65dda6367d674
MODEL/ROLLOUT VALIDATION PASSED
RESUME DETERMINISM PASSED step=2 active_seconds=12.5 losses=[0.47961749136447906, 0.37350645661354065] cuda_map_location_restore=passed temporary_checkpoint_cleaned=true
/weka/martius/mot936/dreamerv4-tests/runs/dreamer4-community-baseline/envs/venv-82924c6c2b64/lib64/python3.11/site-packages/pydantic/_internal/_generate_schema.py:2274: UnsupportedFieldAttributeWarning: The 'repr' attribute with value False was provided to the `Field()` function, which has no effect in the context it was used. 'repr' is field-specific metadata, and can only be attached to a model field using `Annotated` metadata or by assignment. This may have happened because an `Annotated` type alias using the `type` statement was used, or if the `Field()` function was attached to a single member of a union type.
  warnings.warn(
/weka/martius/mot936/dreamerv4-tests/runs/dreamer4-community-baseline/envs/venv-82924c6c2b64/lib64/python3.11/site-packages/pydantic/_internal/_generate_schema.py:2274: UnsupportedFieldAttributeWarning: The 'frozen' attribute with value True was provided to the `Field()` function, which has no effect in the context it was used. 'frozen' is field-specific metadata, and can only be attached to a model field using `Annotated` metadata or by assignment. This may have happened because an `Annotated` type alias using the `type` statement was used, or if the `Field()` function was attached to a single member of a union type.
  warnings.warn(
[WMDataset] Warning: tasks_json not found at __none__ (continuing with zeros lang_emb + default action masks).
[WMDataset] Task filter: keeping 1/1 tasks
[WMDataset] task=memmaze segments=1 N_eff=2902900 valid=2531700 act_dim=16 lang=no
[WMDataset] Total valid sequences: 2531700 across 1 tasks.
device=cuda params=42,646,592 dataset=2,531,700 batch=4 start_step=0 active=0.00/180.00s
step=1 active_h=0.000147 loss=0.050066 flow=0.292686 boot=0.000000 mem_std=1.6745 grad=0.4407 lr=1.000e-04
step=20 active_h=0.001200 loss=0.031807 flow=0.204706 boot=0.000000 mem_std=2.0632 grad=0.1689 lr=9.987e-05
step=40 active_h=0.002326 loss=0.014198 flow=0.189311 boot=0.000000 mem_std=2.1278 grad=0.0487 lr=9.949e-05
step=60 active_h=0.003435 loss=0.026197 flow=0.167825 boot=0.000000 mem_std=1.8845 grad=0.0883 lr=9.888e-05
step=80 active_h=0.004576 loss=0.022993 flow=0.164653 boot=0.000000 mem_std=2.1748 grad=0.1003 lr=9.803e-05
step=100 active_h=0.005684 loss=0.023230 flow=0.168485 boot=0.000000 mem_std=1.9178 grad=0.1364 lr=9.691e-05
step=120 active_h=0.006797 loss=0.031367 flow=0.133854 boot=0.000000 mem_std=2.1047 grad=0.1960 lr=9.558e-05
step=140 active_h=0.007905 loss=0.026460 flow=0.130649 boot=0.000000 mem_std=2.0082 grad=0.1338 lr=9.404e-05
step=160 active_h=0.009044 loss=0.011418 flow=0.152239 boot=0.000000 mem_std=1.9177 grad=0.0336 lr=9.224e-05
step=180 active_h=0.010155 loss=0.011020 flow=0.146939 boot=0.000000 mem_std=1.9396 grad=0.0449 lr=9.027e-05
step=200 active_h=0.011264 loss=0.027577 flow=0.089013 boot=0.000000 mem_std=1.8999 grad=0.1952 lr=8.810e-05
step=220 active_h=0.012375 loss=0.015438 flow=0.127233 boot=0.000000 mem_std=1.8543 grad=0.0682 lr=8.575e-05
step=240 active_h=0.013486 loss=0.024940 flow=0.083985 boot=0.000000 mem_std=1.8518 grad=0.1173 lr=8.323e-05
step=260 active_h=0.014627 loss=0.015134 flow=0.126226 boot=0.000000 mem_std=1.8009 grad=0.0583 lr=8.047e-05
step=280 active_h=0.015735 loss=0.024396 flow=0.079190 boot=0.000000 mem_std=1.8471 grad=0.1538 lr=7.763e-05
step=300 active_h=0.016844 loss=0.016351 flow=0.129616 boot=0.000000 mem_std=1.7772 grad=0.0669 lr=7.467e-05
step=320 active_h=0.017953 loss=0.014466 flow=0.121604 boot=0.000000 mem_std=1.7856 grad=0.0630 lr=7.158e-05
step=340 active_h=0.019062 loss=0.018012 flow=0.096839 boot=0.000000 mem_std=1.7961 grad=0.0834 lr=6.839e-05
step=360 active_h=0.020170 loss=0.011182 flow=0.149095 boot=0.000000 mem_std=1.8195 grad=0.0337 lr=6.511e-05
step=380 active_h=0.021279 loss=0.016251 flow=0.082728 boot=0.000000 mem_std=1.7791 grad=0.0869 lr=6.175e-05
step=400 active_h=0.022388 loss=0.016340 flow=0.090468 boot=0.000000 mem_std=1.7276 grad=0.0738 lr=5.834e-05
step=420 active_h=0.023497 loss=0.012054 flow=0.106630 boot=0.000000 mem_std=1.8285 grad=0.0482 lr=5.489e-05
step=440 active_h=0.024606 loss=0.019603 flow=0.065764 boot=0.000000 mem_std=1.7429 grad=0.0887 lr=5.141e-05
[checkpoint] /weka/martius/mot936/dreamerv4-tests/runs/memmaze-community-d4-mem2mem-calib-b4-r3/memory-latest.pt step=448 active_s=90.18
step=460 active_h=0.025715 loss=0.012990 flow=0.112708 boot=0.000000 mem_std=1.7661 grad=0.0514 lr=4.793e-05
step=480 active_h=0.026829 loss=0.016284 flow=0.086099 boot=0.000000 mem_std=1.7004 grad=0.0655 lr=4.444e-05
step=500 active_h=0.027951 loss=0.016123 flow=0.086378 boot=0.000000 mem_std=1.7719 grad=0.0665 lr=4.095e-05
step=520 active_h=0.029060 loss=0.012680 flow=0.108348 boot=0.000000 mem_std=1.7171 grad=0.0502 lr=3.755e-05
step=540 active_h=0.030168 loss=0.018348 flow=0.060962 boot=0.000000 mem_std=1.7489 grad=0.0715 lr=3.421e-05
step=560 active_h=0.031277 loss=0.012073 flow=0.108085 boot=0.000000 mem_std=1.7761 grad=0.0498 lr=3.095e-05
step=580 active_h=0.032410 loss=0.015133 flow=0.086739 boot=0.000000 mem_std=1.8111 grad=0.0588 lr=2.771e-05
step=600 active_h=0.033521 loss=0.011728 flow=0.101375 boot=0.000000 mem_std=1.7458 grad=0.0437 lr=2.464e-05
step=620 active_h=0.034632 loss=0.014399 flow=0.075873 boot=0.000000 mem_std=1.7453 grad=0.0617 lr=2.170e-05
step=640 active_h=0.035742 loss=0.016848 flow=0.062069 boot=0.000000 mem_std=1.8396 grad=0.0641 lr=1.889e-05
step=660 active_h=0.036852 loss=0.017128 flow=0.060809 boot=0.000000 mem_std=1.7819 grad=0.0634 lr=1.624e-05
step=680 active_h=0.037962 loss=0.012018 flow=0.100234 boot=0.000000 mem_std=1.7658 grad=0.0397 lr=1.375e-05
step=700 active_h=0.039072 loss=0.011188 flow=0.100898 boot=0.000000 mem_std=1.8000 grad=0.0381 lr=1.144e-05
step=720 active_h=0.040182 loss=0.011149 flow=0.098175 boot=0.000000 mem_std=1.7985 grad=0.0427 lr=9.317e-06
step=740 active_h=0.041310 loss=0.011138 flow=0.106160 boot=0.000000 mem_std=1.7382 grad=0.0427 lr=7.363e-06
step=760 active_h=0.042422 loss=0.014433 flow=0.078968 boot=0.000000 mem_std=1.7518 grad=0.0501 lr=5.642e-06
step=780 active_h=0.043533 loss=0.008733 flow=0.116443 boot=0.000000 mem_std=1.8081 grad=0.0230 lr=4.141e-06
step=800 active_h=0.044643 loss=0.014375 flow=0.077671 boot=0.000000 mem_std=1.7380 grad=0.0448 lr=2.864e-06
step=820 active_h=0.045754 loss=0.012769 flow=0.072523 boot=0.000000 mem_std=1.7869 grad=0.0437 lr=1.815e-06
step=840 active_h=0.046870 loss=0.008781 flow=0.117085 boot=0.000000 mem_std=1.7896 grad=0.0287 lr=9.997e-07
step=860 active_h=0.047979 loss=0.011520 flow=0.103971 boot=0.000000 mem_std=1.7709 grad=0.0311 lr=4.248e-07
step=880 active_h=0.049111 loss=0.013798 flow=0.077440 boot=0.000000 mem_std=1.7664 grad=0.0429 lr=8.800e-08
[checkpoint] /weka/martius/mot936/dreamerv4-tests/runs/memmaze-community-d4-mem2mem-calib-b4-r3/memory-latest.pt step=897 active_s=180.19
TRAINING STOP step=897 active_seconds=180.194211 budget_seconds=180.000000 checkpoint=/weka/martius/mot936/dreamerv4-tests/runs/memmaze-community-d4-mem2mem-calib-b4-r3/memory-latest.pt
/weka/martius/mot936/dreamerv4-tests/runs/dreamer4-community-baseline/envs/venv-82924c6c2b64/lib64/python3.11/site-packages/pydantic/_internal/_generate_schema.py:2274: UnsupportedFieldAttributeWarning: The 'repr' attribute with value False was provided to the `Field()` function, which has no effect in the context it was used. 'repr' is field-specific metadata, and can only be attached to a model field using `Annotated` metadata or by assignment. This may have happened because an `Annotated` type alias using the `type` statement was used, or if the `Field()` function was attached to a single member of a union type.
  warnings.warn(
/weka/martius/mot936/dreamerv4-tests/runs/dreamer4-community-baseline/envs/venv-82924c6c2b64/lib64/python3.11/site-packages/pydantic/_internal/_generate_schema.py:2274: UnsupportedFieldAttributeWarning: The 'frozen' attribute with value True was provided to the `Field()` function, which has no effect in the context it was used. 'frozen' is field-specific metadata, and can only be attached to a model field using `Annotated` metadata or by assignment. This may have happened because an `Annotated` type alias using the `type` statement was used, or if the `Field()` function was attached to a single member of a union type.
  warnings.warn(
[WMDataset] Warning: tasks_json not found at __none__ (continuing with zeros lang_emb + default action masks).
[WMDataset] Task filter: keeping 1/1 tasks
[WMDataset] task=memmaze segments=1 N_eff=2902900 valid=2531700 act_dim=16 lang=no
[WMDataset] Total valid sequences: 2531700 across 1 tasks.
[resume] step=897 active_hours=0.050054
device=cuda params=42,646,592 dataset=2,531,700 batch=4 start_step=897 active=180.19/360.00s
step=900 active_h=0.050297 loss=0.011986 flow=0.102304 boot=0.000000 mem_std=1.7880 grad=0.0462 lr=4.962e-05
step=920 active_h=0.051422 loss=0.013475 flow=0.074253 boot=0.000000 mem_std=1.8558 grad=0.0660 lr=4.786e-05
step=940 active_h=0.052546 loss=0.013561 flow=0.076348 boot=0.000000 mem_std=1.7868 grad=0.0642 lr=4.609e-05
step=960 active_h=0.053695 loss=0.011394 flow=0.098971 boot=0.000000 mem_std=1.7455 grad=0.0500 lr=4.430e-05
step=980 active_h=0.054823 loss=0.008914 flow=0.118858 boot=0.000000 mem_std=1.8120 grad=0.0324 lr=4.254e-05
step=1000 active_h=0.055947 loss=0.011968 flow=0.105956 boot=0.000000 mem_std=1.7709 grad=0.0531 lr=4.080e-05
step=1020 active_h=0.057108 loss=0.010955 flow=0.095092 boot=0.000000 mem_std=1.8786 grad=0.0447 lr=3.901e-05
step=1040 active_h=0.058248 loss=0.011672 flow=0.101059 boot=0.000000 mem_std=1.8687 grad=0.0445 lr=3.727e-05
step=1060 active_h=0.059371 loss=0.016599 flow=0.054997 boot=0.000000 mem_std=1.8086 grad=0.0671 lr=3.558e-05
step=1080 active_h=0.060496 loss=0.010340 flow=0.092887 boot=0.000000 mem_std=1.7697 grad=0.0362 lr=3.389e-05
step=1100 active_h=0.061621 loss=0.012584 flow=0.072577 boot=0.000000 mem_std=1.8165 grad=0.0549 lr=3.223e-05
step=1120 active_h=0.062747 loss=0.009200 flow=0.122660 boot=0.000000 mem_std=1.8078 grad=0.0259 lr=3.059e-05
step=1140 active_h=0.063874 loss=0.012232 flow=0.072157 boot=0.000000 mem_std=1.8359 grad=0.0491 lr=2.897e-05
step=1160 active_h=0.065001 loss=0.012354 flow=0.073929 boot=0.000000 mem_std=1.7920 grad=0.0472 lr=2.738e-05
step=1180 active_h=0.066140 loss=0.010374 flow=0.094399 boot=0.000000 mem_std=1.8525 grad=0.0435 lr=2.580e-05
step=1200 active_h=0.067269 loss=0.013393 flow=0.077871 boot=0.000000 mem_std=1.8420 grad=0.0560 lr=2.426e-05
step=1220 active_h=0.068404 loss=0.009141 flow=0.121878 boot=0.000000 mem_std=1.7942 grad=0.0257 lr=2.275e-05
step=1240 active_h=0.069532 loss=0.013269 flow=0.077026 boot=0.000000 mem_std=1.8213 grad=0.0491 lr=2.128e-05
step=1260 active_h=0.070667 loss=0.012260 flow=0.069678 boot=0.000000 mem_std=1.7922 grad=0.0460 lr=1.984e-05
step=1280 active_h=0.071792 loss=0.010685 flow=0.094662 boot=0.000000 mem_std=1.7996 grad=0.0338 lr=1.845e-05
step=1300 active_h=0.072916 loss=0.011118 flow=0.104297 boot=0.000000 mem_std=1.7911 grad=0.0340 lr=1.710e-05
step=1320 active_h=0.074065 loss=0.010412 flow=0.092395 boot=0.000000 mem_std=1.8040 grad=0.0322 lr=1.576e-05
[checkpoint] /weka/martius/mot936/dreamerv4-tests/runs/memmaze-community-d4-mem2mem-calib-b4-r3/memory-latest.pt step=1337 active_s=270.07
step=1340 active_h=0.075189 loss=0.010611 flow=0.094217 boot=0.000000 mem_std=1.7922 grad=0.0266 lr=1.450e-05
step=1360 active_h=0.076313 loss=0.014511 flow=0.053274 boot=0.000000 mem_std=1.7943 grad=0.0524 lr=1.328e-05
step=1380 active_h=0.077438 loss=0.008857 flow=0.118098 boot=0.000000 mem_std=1.8474 grad=0.0347 lr=1.210e-05
step=1400 active_h=0.078563 loss=0.011906 flow=0.070810 boot=0.000000 mem_std=1.7835 grad=0.0426 lr=1.097e-05
step=1420 active_h=0.079687 loss=0.008635 flow=0.115139 boot=0.000000 mem_std=1.8006 grad=0.0314 lr=9.892e-06
step=1440 active_h=0.080834 loss=0.013136 flow=0.049993 boot=0.000000 mem_std=1.7545 grad=0.0422 lr=8.844e-06
step=1460 active_h=0.081960 loss=0.009859 flow=0.086933 boot=0.000000 mem_std=1.7623 grad=0.0319 lr=7.865e-06
step=1480 active_h=0.083085 loss=0.010324 flow=0.096076 boot=0.000000 mem_std=1.8350 grad=0.0301 lr=6.940e-06
step=1500 active_h=0.084212 loss=0.014618 flow=0.050784 boot=0.000000 mem_std=1.8352 grad=0.0454 lr=6.069e-06
step=1520 active_h=0.085337 loss=0.012219 flow=0.077793 boot=0.000000 mem_std=1.7494 grad=0.0369 lr=5.251e-06
step=1540 active_h=0.086463 loss=0.012244 flow=0.076325 boot=0.000000 mem_std=1.8092 grad=0.0426 lr=4.491e-06
step=1560 active_h=0.087587 loss=0.012471 flow=0.073184 boot=0.000000 mem_std=1.7991 grad=0.0395 lr=3.788e-06
step=1580 active_h=0.088712 loss=0.011930 flow=0.073071 boot=0.000000 mem_std=1.8172 grad=0.0371 lr=3.142e-06
step=1600 active_h=0.089838 loss=0.010681 flow=0.059982 boot=0.000000 mem_std=1.8028 grad=0.0382 lr=2.554e-06
step=1620 active_h=0.090988 loss=0.013231 flow=0.047751 boot=0.000000 mem_std=1.7834 grad=0.0417 lr=2.015e-06
step=1640 active_h=0.092114 loss=0.010206 flow=0.092478 boot=0.000000 mem_std=1.7274 grad=0.0342 lr=1.548e-06
step=1660 active_h=0.093245 loss=0.012569 flow=0.047357 boot=0.000000 mem_std=1.7713 grad=0.0380 lr=1.140e-06
step=1680 active_h=0.094370 loss=0.010736 flow=0.096414 boot=0.000000 mem_std=1.7995 grad=0.0320 lr=7.957e-07
step=1700 active_h=0.095495 loss=0.012475 flow=0.075265 boot=0.000000 mem_std=1.8038 grad=0.0353 lr=5.125e-07
step=1720 active_h=0.096629 loss=0.011969 flow=0.070879 boot=0.000000 mem_std=1.7700 grad=0.0348 lr=2.895e-07
step=1740 active_h=0.097761 loss=0.011840 flow=0.068749 boot=0.000000 mem_std=1.8147 grad=0.0382 lr=1.299e-07
step=1760 active_h=0.098887 loss=0.015422 flow=0.052793 boot=0.000000 mem_std=1.7569 grad=0.0435 lr=3.374e-08
step=1780 active_h=0.100012 loss=0.011892 flow=0.070538 boot=0.000000 mem_std=1.7890 grad=0.0372 lr=4.918e-11
[checkpoint] /weka/martius/mot936/dreamerv4-tests/runs/memmaze-community-d4-mem2mem-calib-b4-r3/memory-latest.pt step=1780 active_s=360.04
TRAINING STOP step=1780 active_seconds=360.041798 budget_seconds=360.000000 checkpoint=/weka/martius/mot936/dreamerv4-tests/runs/memmaze-community-d4-mem2mem-calib-b4-r3/memory-latest.pt
{
  "active_samples": 37,
  "hard_health_gate_met": false,
  "hbm_total_mib": 81559.0,
  "longest_below_90_percent_s": 230.02199983596802,
  "max_hbm_used_mib": 11337.0,
  "mean_hbm_used_mib": 10989.108108108108,
  "mean_utilization_percent": 76.4054054054054,
  "p05_utilization_percent": 27.0,
  "sample_cadence_s": 10.000999927520752,
  "target_95_percent_met": false
}
GPU UTILIZATION HEALTH GATE FAILED
