/weka/martius/mot936/dreamerv4-tests/runs/dreamer4-community-baseline/envs/venv-82924c6c2b64/lib64/python3.11/site-packages/pydantic/_internal/_generate_schema.py:2274: UnsupportedFieldAttributeWarning: The 'repr' attribute with value False was provided to the `Field()` function, which has no effect in the context it was used. 'repr' is field-specific metadata, and can only be attached to a model field using `Annotated` metadata or by assignment. This may have happened because an `Annotated` type alias using the `type` statement was used, or if the `Field()` function was attached to a single member of a union type.
  warnings.warn(
/weka/martius/mot936/dreamerv4-tests/runs/dreamer4-community-baseline/envs/venv-82924c6c2b64/lib64/python3.11/site-packages/pydantic/_internal/_generate_schema.py:2274: UnsupportedFieldAttributeWarning: The 'frozen' attribute with value True was provided to the `Field()` function, which has no effect in the context it was used. 'frozen' is field-specific metadata, and can only be attached to a model field using `Annotated` metadata or by assignment. This may have happened because an `Annotated` type alias using the `type` statement was used, or if the `Field()` function was attached to a single member of a union type.
  warnings.warn(
[WMDataset] Warning: tasks_json not found at __none__ (continuing with zeros lang_emb + default action masks).
[WMDataset] Task filter: keeping 1/1 tasks
[WMDataset] task=memmaze segments=1 N_eff=2902900 valid=2531700 act_dim=16 lang=no
[WMDataset] Total valid sequences: 2531700 across 1 tasks.
device=cuda params=42,646,592 dataset=2,531,700 batch=4 start_step=0 active=0.00/180.00s
step=1 active_h=0.000147 loss=0.050066 flow=0.292686 boot=0.000000 mem_std=1.6745 grad=0.4407 lr=1.000e-04
step=20 active_h=0.001200 loss=0.031807 flow=0.204706 boot=0.000000 mem_std=2.0632 grad=0.1689 lr=9.987e-05
step=40 active_h=0.002326 loss=0.014198 flow=0.189311 boot=0.000000 mem_std=2.1278 grad=0.0487 lr=9.949e-05
step=60 active_h=0.003435 loss=0.026197 flow=0.167825 boot=0.000000 mem_std=1.8845 grad=0.0883 lr=9.888e-05
step=80 active_h=0.004576 loss=0.022993 flow=0.164653 boot=0.000000 mem_std=2.1748 grad=0.1003 lr=9.803e-05
step=100 active_h=0.005684 loss=0.023230 flow=0.168485 boot=0.000000 mem_std=1.9178 grad=0.1364 lr=9.691e-05
step=120 active_h=0.006797 loss=0.031367 flow=0.133854 boot=0.000000 mem_std=2.1047 grad=0.1960 lr=9.558e-05
step=140 active_h=0.007905 loss=0.026460 flow=0.130649 boot=0.000000 mem_std=2.0082 grad=0.1338 lr=9.404e-05
step=160 active_h=0.009044 loss=0.011418 flow=0.152239 boot=0.000000 mem_std=1.9177 grad=0.0336 lr=9.224e-05
step=180 active_h=0.010155 loss=0.011020 flow=0.146939 boot=0.000000 mem_std=1.9396 grad=0.0449 lr=9.027e-05
step=200 active_h=0.011264 loss=0.027577 flow=0.089013 boot=0.000000 mem_std=1.8999 grad=0.1952 lr=8.810e-05
step=220 active_h=0.012375 loss=0.015438 flow=0.127233 boot=0.000000 mem_std=1.8543 grad=0.0682 lr=8.575e-05
step=240 active_h=0.013486 loss=0.024940 flow=0.083985 boot=0.000000 mem_std=1.8518 grad=0.1173 lr=8.323e-05
step=260 active_h=0.014627 loss=0.015134 flow=0.126226 boot=0.000000 mem_std=1.8009 grad=0.0583 lr=8.047e-05
step=280 active_h=0.015735 loss=0.024396 flow=0.079190 boot=0.000000 mem_std=1.8471 grad=0.1538 lr=7.763e-05
step=300 active_h=0.016844 loss=0.016351 flow=0.129616 boot=0.000000 mem_std=1.7772 grad=0.0669 lr=7.467e-05
step=320 active_h=0.017953 loss=0.014466 flow=0.121604 boot=0.000000 mem_std=1.7856 grad=0.0630 lr=7.158e-05
step=340 active_h=0.019062 loss=0.018012 flow=0.096839 boot=0.000000 mem_std=1.7961 grad=0.0834 lr=6.839e-05
step=360 active_h=0.020170 loss=0.011182 flow=0.149095 boot=0.000000 mem_std=1.8195 grad=0.0337 lr=6.511e-05
step=380 active_h=0.021279 loss=0.016251 flow=0.082728 boot=0.000000 mem_std=1.7791 grad=0.0869 lr=6.175e-05
step=400 active_h=0.022388 loss=0.016340 flow=0.090468 boot=0.000000 mem_std=1.7276 grad=0.0738 lr=5.834e-05
step=420 active_h=0.023497 loss=0.012054 flow=0.106630 boot=0.000000 mem_std=1.8285 grad=0.0482 lr=5.489e-05
step=440 active_h=0.024606 loss=0.019603 flow=0.065764 boot=0.000000 mem_std=1.7429 grad=0.0887 lr=5.141e-05
[checkpoint] /weka/martius/mot936/dreamerv4-tests/runs/memmaze-community-d4-mem2mem-calib-b4-r3/memory-latest.pt step=448 active_s=90.18
step=460 active_h=0.025715 loss=0.012990 flow=0.112708 boot=0.000000 mem_std=1.7661 grad=0.0514 lr=4.793e-05
step=480 active_h=0.026829 loss=0.016284 flow=0.086099 boot=0.000000 mem_std=1.7004 grad=0.0655 lr=4.444e-05
step=500 active_h=0.027951 loss=0.016123 flow=0.086378 boot=0.000000 mem_std=1.7719 grad=0.0665 lr=4.095e-05
step=520 active_h=0.029060 loss=0.012680 flow=0.108348 boot=0.000000 mem_std=1.7171 grad=0.0502 lr=3.755e-05
step=540 active_h=0.030168 loss=0.018348 flow=0.060962 boot=0.000000 mem_std=1.7489 grad=0.0715 lr=3.421e-05
step=560 active_h=0.031277 loss=0.012073 flow=0.108085 boot=0.000000 mem_std=1.7761 grad=0.0498 lr=3.095e-05
step=580 active_h=0.032410 loss=0.015133 flow=0.086739 boot=0.000000 mem_std=1.8111 grad=0.0588 lr=2.771e-05
step=600 active_h=0.033521 loss=0.011728 flow=0.101375 boot=0.000000 mem_std=1.7458 grad=0.0437 lr=2.464e-05
step=620 active_h=0.034632 loss=0.014399 flow=0.075873 boot=0.000000 mem_std=1.7453 grad=0.0617 lr=2.170e-05
step=640 active_h=0.035742 loss=0.016848 flow=0.062069 boot=0.000000 mem_std=1.8396 grad=0.0641 lr=1.889e-05
step=660 active_h=0.036852 loss=0.017128 flow=0.060809 boot=0.000000 mem_std=1.7819 grad=0.0634 lr=1.624e-05
step=680 active_h=0.037962 loss=0.012018 flow=0.100234 boot=0.000000 mem_std=1.7658 grad=0.0397 lr=1.375e-05
step=700 active_h=0.039072 loss=0.011188 flow=0.100898 boot=0.000000 mem_std=1.8000 grad=0.0381 lr=1.144e-05
step=720 active_h=0.040182 loss=0.011149 flow=0.098175 boot=0.000000 mem_std=1.7985 grad=0.0427 lr=9.317e-06
step=740 active_h=0.041310 loss=0.011138 flow=0.106160 boot=0.000000 mem_std=1.7382 grad=0.0427 lr=7.363e-06
step=760 active_h=0.042422 loss=0.014433 flow=0.078968 boot=0.000000 mem_std=1.7518 grad=0.0501 lr=5.642e-06
step=780 active_h=0.043533 loss=0.008733 flow=0.116443 boot=0.000000 mem_std=1.8081 grad=0.0230 lr=4.141e-06
step=800 active_h=0.044643 loss=0.014375 flow=0.077671 boot=0.000000 mem_std=1.7380 grad=0.0448 lr=2.864e-06
step=820 active_h=0.045754 loss=0.012769 flow=0.072523 boot=0.000000 mem_std=1.7869 grad=0.0437 lr=1.815e-06
step=840 active_h=0.046870 loss=0.008781 flow=0.117085 boot=0.000000 mem_std=1.7896 grad=0.0287 lr=9.997e-07
step=860 active_h=0.047979 loss=0.011520 flow=0.103971 boot=0.000000 mem_std=1.7709 grad=0.0311 lr=4.248e-07
step=880 active_h=0.049111 loss=0.013798 flow=0.077440 boot=0.000000 mem_std=1.7664 grad=0.0429 lr=8.800e-08
[checkpoint] /weka/martius/mot936/dreamerv4-tests/runs/memmaze-community-d4-mem2mem-calib-b4-r3/memory-latest.pt step=897 active_s=180.19
TRAINING STOP step=897 active_seconds=180.194211 budget_seconds=180.000000 checkpoint=/weka/martius/mot936/dreamerv4-tests/runs/memmaze-community-d4-mem2mem-calib-b4-r3/memory-latest.pt
