[SparseWS] n_sparse=8 mem_slots=[9,13) W=16 (>= 2n OK) init=(2,4,256)

### D w8 n_ctx=4 hide=True tf=False mask=normal n=256
  k :   acc   k-1   k+1    p0  p_wr  cheb  colr  orac
   1: 1.000 0.449 0.500 0.449 0.449  0.00 1.000 1.000
   2: 0.980 0.504 0.543 0.398 0.398  0.02 1.000 1.000
   3: 0.945 0.508 0.516 0.285 0.285  0.05 1.000 1.000
   4: 0.652 0.766 0.477 0.254 0.652  0.35 1.000 1.000
   5: 0.680 0.629 0.453 0.184 0.629  0.32 1.000 1.000
   6: 0.734 0.531 0.422 0.172 0.402  0.27 1.000 1.000
   7: 0.754 0.492 0.465 0.129 0.270  0.25 1.000 1.000
   8: 0.809 0.520 0.508 0.121 0.238  0.20 1.000 1.000
   9: 0.867 0.512 0.512 0.094 0.219  0.14 1.000 1.000
  10: 0.941 0.520 0.523 0.105 0.195  0.06 1.000 1.000
  11: 0.762 0.449 0.445 0.062 0.156  0.24 0.461 1.000
  12: 0.469 0.562 0.340 0.070 0.469  0.56 0.496 1.000
  13: 0.527 0.430 0.387 0.059 0.430  0.53 0.480 1.000
  14: 0.531 0.465 0.348 0.066 0.348  0.52 0.449 1.000
  15: 0.578 0.391 0.379 0.066 0.227  0.45 0.430 1.000
  16: 0.559 0.355 0.000 0.043 0.180  0.50 0.344 1.000
wrote C:\Users\richt\OneDrive\Desktop\Code\transformer\experiments\gridworldv2-arms\dip-investigation\d_w8.json
[SparseWS] n_sparse=8 mem_slots=[9,13) W=16 (>= 2n OK) init=(2,4,256)

### D w16 n_ctx=4 hide=True tf=False mask=normal n=256
  k :   acc   k-1   k+1    p0  p_wr  cheb  colr  orac
   1: 0.988 0.445 0.500 0.445 0.445  0.01 1.000 1.000
   2: 0.988 0.500 0.547 0.395 0.395  0.01 1.000 1.000
   3: 0.996 0.539 0.531 0.305 0.305  0.00 1.000 1.000
   4: 0.613 0.906 0.465 0.293 0.613  0.39 1.000 1.000
   5: 0.629 0.742 0.453 0.199 0.742  0.37 1.000 1.000
   6: 0.648 0.590 0.410 0.176 0.426  0.35 1.000 1.000
   7: 0.695 0.480 0.461 0.145 0.301  0.30 1.000 1.000
   8: 0.727 0.496 0.465 0.125 0.262  0.27 1.000 1.000
   9: 0.738 0.488 0.477 0.113 0.246  0.27 1.000 1.000
  10: 0.723 0.500 0.438 0.109 0.188  0.28 1.000 1.000
  11: 0.746 0.449 0.406 0.082 0.176  0.27 1.000 1.000
  12: 0.441 0.703 0.348 0.094 0.441  0.58 1.000 1.000
  13: 0.441 0.520 0.367 0.098 0.520  0.59 1.000 1.000
  14: 0.477 0.426 0.316 0.082 0.348  0.57 1.000 1.000
  15: 0.477 0.379 0.285 0.078 0.270  0.55 1.000 1.000
  16: 0.500 0.324 0.000 0.078 0.203  0.53 1.000 1.000
wrote C:\Users\richt\OneDrive\Desktop\Code\transformer\experiments\gridworldv2-arms\dip-investigation\d_w16.json

### A w8 n_ctx=4 hide=True tf=False mask=normal n=256
  k :   acc   k-1   k+1    p0  p_wr  cheb  colr  orac
   1: 0.984 0.453 0.492 0.453 0.453  0.02 1.000 1.000
   2: 0.980 0.500 0.531 0.395 0.395  0.02 1.000 1.000
   3: 0.969 0.527 0.527 0.312 0.312  0.03 1.000 1.000
   4: 0.973 0.539 0.555 0.242 0.973  0.03 1.000 1.000
   5: 0.957 0.562 0.543 0.184 0.562  0.04 1.000 1.000
   6: 0.297 0.219 0.215 0.062 0.188  1.36 0.352 1.000
   7: 0.293 0.246 0.250 0.074 0.145  1.27 0.348 1.000
   8: 0.246 0.234 0.242 0.043 0.117  1.48 0.262 1.000
   9: 0.238 0.207 0.234 0.055 0.109  1.59 0.266 1.000
  10: 0.215 0.188 0.188 0.047 0.066  1.61 0.262 1.000
  11: 0.215 0.176 0.156 0.027 0.066  1.73 0.281 1.000
  12: 0.152 0.125 0.168 0.043 0.152  1.93 0.254 1.000
  13: 0.152 0.113 0.129 0.070 0.113  1.88 0.227 1.000
  14: 0.188 0.180 0.160 0.047 0.133  1.73 0.242 1.000
  15: 0.109 0.098 0.098 0.031 0.051  2.09 0.215 1.000
  16: 0.172 0.121 0.000 0.043 0.094  1.82 0.254 1.000
wrote C:\Users\richt\OneDrive\Desktop\Code\transformer\experiments\gridworldv2-arms\dip-investigation\a_w8.json

### A w16 n_ctx=4 hide=True tf=False mask=normal n=256
  k :   acc   k-1   k+1    p0  p_wr  cheb  colr  orac
   1: 0.984 0.445 0.496 0.445 0.445  0.02 1.000 1.000
   2: 0.996 0.500 0.539 0.395 0.395  0.00 1.000 1.000
   3: 0.961 0.535 0.512 0.305 0.305  0.04 1.000 1.000
   4: 0.938 0.512 0.547 0.238 0.938  0.06 1.000 1.000
   5: 0.934 0.520 0.512 0.195 0.520  0.07 1.000 1.000
   6: 0.922 0.508 0.500 0.168 0.449  0.08 1.000 1.000
   7: 0.871 0.449 0.520 0.129 0.289  0.14 1.000 1.000
   8: 0.859 0.504 0.520 0.129 0.250  0.15 1.000 1.000
   9: 0.836 0.520 0.500 0.105 0.211  0.17 1.000 1.000
  10: 0.816 0.488 0.492 0.102 0.188  0.19 1.000 1.000
  11: 0.773 0.484 0.441 0.094 0.148  0.26 1.000 1.000
  12: 0.789 0.422 0.430 0.086 0.789  0.22 1.000 1.000
  13: 0.738 0.383 0.426 0.074 0.383  0.29 1.000 1.000
  14: 0.359 0.242 0.277 0.055 0.188  1.04 0.305 1.000
  15: 0.320 0.242 0.230 0.051 0.172  1.14 0.316 1.000
  16: 0.305 0.250 0.000 0.051 0.125  1.08 0.234 1.000
wrote C:\Users\richt\OneDrive\Desktop\Code\transformer\experiments\gridworldv2-arms\dip-investigation\a_w16.json
[SparseWS] n_sparse=8 mem_slots=[9,13) W=16 (>= 2n OK) init=(2,4,256)

### D w8 n_ctx=4 hide=False tf=True mask=normal n=128
  k :   acc   k-1   k+1    p0  p_wr  cheb  colr  orac
   1: 0.992 0.438 0.414 0.438 0.438  0.01 1.000 1.000
   2: 0.984 0.414 0.492 0.344 0.344  0.02 1.000 1.000
   3: 1.000 0.500 0.523 0.289 0.289  0.00 1.000 1.000
   4: 1.000 0.523 0.547 0.211 0.211  0.00 1.000 1.000
   5: 0.750 0.781 0.516 0.188 0.750  0.25 1.000 1.000
   6: 0.812 0.656 0.461 0.156 0.656  0.19 1.000 1.000
   7: 0.930 0.516 0.531 0.133 0.391  0.07 1.000 1.000
   8: 0.984 0.562 0.547 0.148 0.305  0.02 1.000 1.000
   9: 0.992 0.539 0.508 0.109 0.242  0.01 1.000 1.000
  10: 0.992 0.508 0.539 0.102 0.188  0.01 1.000 1.000
  11: 1.000 0.539 0.484 0.070 0.188  0.00 1.000 1.000
  12: 0.945 0.477 0.000 0.078 0.203  0.05 1.000 1.000
wrote C:\Users\richt\OneDrive\Desktop\Code\transformer\experiments\gridworldv2-arms\dip-investigation\d_nohide_tf_w8.json
[SparseWS] n_sparse=8 mem_slots=[9,13) W=16 (>= 2n OK) init=(2,4,256)

### D w16 n_ctx=4 hide=False tf=True mask=normal n=128
  k :   acc   k-1   k+1    p0  p_wr  cheb  colr  orac
   1: 0.992 0.438 0.414 0.438 0.438  0.01 1.000 1.000
   2: 0.992 0.414 0.492 0.344 0.344  0.01 1.000 1.000
   3: 1.000 0.500 0.523 0.289 0.289  0.00 1.000 1.000
   4: 1.000 0.523 0.547 0.211 0.211  0.00 1.000 1.000
   5: 0.688 0.859 0.531 0.219 0.688  0.31 1.000 1.000
   6: 0.789 0.695 0.477 0.164 0.695  0.21 0.992 1.000
   7: 0.852 0.562 0.508 0.133 0.430  0.15 1.000 1.000
   8: 0.898 0.570 0.500 0.148 0.320  0.10 1.000 1.000
   9: 0.945 0.500 0.492 0.117 0.258  0.05 1.000 1.000
  10: 0.992 0.500 0.531 0.102 0.195  0.01 1.000 1.000
  11: 0.977 0.523 0.461 0.070 0.180  0.02 1.000 1.000
  12: 0.984 0.492 0.000 0.078 0.203  0.02 1.000 1.000
wrote C:\Users\richt\OneDrive\Desktop\Code\transformer\experiments\gridworldv2-arms\dip-investigation\d_nohide_tf_w16.json

### A w8 n_ctx=4 hide=False tf=True mask=normal n=128
  k :   acc   k-1   k+1    p0  p_wr  cheb  colr  orac
   1: 0.977 0.445 0.414 0.445 0.445  0.02 1.000 1.000
   2: 0.977 0.438 0.508 0.352 0.352  0.02 1.000 1.000
   3: 0.992 0.508 0.523 0.297 0.297  0.01 1.000 1.000
   4: 1.000 0.523 0.547 0.211 0.211  0.00 1.000 1.000
   5: 1.000 0.547 0.523 0.180 1.000  0.00 1.000 1.000
   6: 0.969 0.516 0.469 0.172 0.516  0.03 1.000 1.000
   7: 0.984 0.477 0.547 0.133 0.414  0.02 1.000 1.000
   8: 0.984 0.555 0.523 0.148 0.305  0.02 1.000 1.000
   9: 0.992 0.539 0.508 0.102 0.242  0.01 1.000 1.000
  10: 0.984 0.508 0.531 0.102 0.188  0.02 1.000 1.000
  11: 0.977 0.547 0.484 0.070 0.188  0.04 1.000 1.000
  12: 1.000 0.484 0.000 0.078 0.203  0.00 1.000 1.000
wrote C:\Users\richt\OneDrive\Desktop\Code\transformer\experiments\gridworldv2-arms\dip-investigation\a_nohide_tf_w8.json
[SparseWS] n_sparse=8 mem_slots=[9,13) W=16 (>= 2n OK) init=(2,4,256)

### D w8 n_ctx=4 hide=False tf=False mask=normal n=128
  k :   acc   k-1   k+1    p0  p_wr  cheb  colr  orac
   1: 1.000 0.445 0.422 0.445 0.445  0.00 1.000 1.000
   2: 0.977 0.406 0.484 0.336 0.336  0.02 1.000 1.000
   3: 0.992 0.492 0.516 0.281 0.281  0.01 1.000 1.000
   4: 1.000 0.523 0.547 0.211 0.211  0.00 1.000 1.000
   5: 0.727 0.805 0.523 0.203 0.727  0.27 1.000 1.000
   6: 0.766 0.695 0.516 0.156 0.695  0.23 1.000 1.000
   7: 0.805 0.516 0.500 0.141 0.375  0.20 1.000 1.000
   8: 0.875 0.547 0.484 0.148 0.320  0.12 1.000 1.000
   9: 0.844 0.477 0.469 0.125 0.266  0.16 1.000 1.000
  10: 0.891 0.461 0.508 0.094 0.203  0.11 1.000 1.000
  11: 0.898 0.500 0.461 0.070 0.180  0.10 1.000 1.000
  12: 0.867 0.453 0.000 0.078 0.195  0.13 1.000 1.000
wrote C:\Users\richt\OneDrive\Desktop\Code\transformer\experiments\gridworldv2-arms\dip-investigation\d_nohide_free_w8.json
[SparseWS] n_sparse=8 mem_slots=[9,13) W=16 (>= 2n OK) init=(2,4,256)

### D w8 n_ctx=4 hide=True tf=False mask=no_mem_read n=256
  k :   acc   k-1   k+1    p0  p_wr  cheb  colr  orac
   1: 0.863 0.434 0.535 0.434 0.434  0.14 1.000 1.000
   2: 0.914 0.477 0.539 0.379 0.379  0.09 1.000 1.000
   3: 0.941 0.520 0.531 0.293 0.293  0.06 1.000 1.000
   4: 0.605 0.766 0.418 0.273 0.605  0.40 1.000 1.000
   5: 0.703 0.527 0.441 0.176 0.527  0.30 1.000 1.000
   6: 0.602 0.387 0.434 0.145 0.324  0.44 0.664 1.000
   7: 0.617 0.402 0.445 0.125 0.250  0.43 0.645 1.000
   8: 0.656 0.457 0.473 0.109 0.219  0.37 0.672 1.000
   9: 0.645 0.441 0.504 0.078 0.199  0.37 0.648 1.000
  10: 0.668 0.434 0.520 0.082 0.164  0.34 0.656 1.000
  11: 0.738 0.445 0.422 0.070 0.164  0.27 0.613 1.000
  12: 0.473 0.527 0.309 0.039 0.473  0.56 0.562 1.000
  13: 0.449 0.363 0.375 0.059 0.363  0.60 0.516 1.000
  14: 0.504 0.387 0.340 0.062 0.285  0.57 0.449 1.000
  15: 0.516 0.359 0.344 0.074 0.207  0.55 0.395 1.000
  16: 0.469 0.344 0.000 0.043 0.176  0.61 0.398 1.000
wrote C:\Users\richt\OneDrive\Desktop\Code\transformer\experiments\gridworldv2-arms\dip-investigation\d_w8_nomem.json
[SparseWS] n_sparse=8 mem_slots=[9,13) W=16 (>= 2n OK) init=(2,4,256)

### D w16 n_ctx=4 hide=True tf=False mask=no_mem_read n=256
  k :   acc   k-1   k+1    p0  p_wr  cheb  colr  orac
   1: 0.898 0.434 0.512 0.434 0.434  0.10 1.000 1.000
   2: 0.922 0.480 0.539 0.383 0.383  0.08 1.000 1.000
   3: 0.988 0.535 0.531 0.301 0.301  0.01 1.000 1.000
   4: 0.598 0.895 0.441 0.289 0.598  0.40 1.000 1.000
   5: 0.688 0.680 0.453 0.199 0.680  0.31 1.000 1.000
   6: 0.691 0.566 0.465 0.180 0.426  0.31 1.000 1.000
   7: 0.703 0.473 0.496 0.141 0.301  0.30 1.000 1.000
   8: 0.730 0.488 0.484 0.133 0.258  0.27 0.996 1.000
   9: 0.723 0.480 0.473 0.121 0.227  0.29 1.000 1.000
  10: 0.719 0.477 0.453 0.105 0.188  0.29 1.000 1.000
  11: 0.746 0.418 0.414 0.082 0.176  0.26 1.000 1.000
  12: 0.492 0.688 0.359 0.094 0.492  0.53 1.000 1.000
  13: 0.527 0.504 0.395 0.086 0.504  0.50 0.992 1.000
  14: 0.504 0.453 0.371 0.086 0.328  0.52 0.707 1.000
  15: 0.504 0.363 0.273 0.086 0.266  0.54 0.699 1.000
  16: 0.555 0.340 0.000 0.074 0.203  0.48 0.668 1.000
wrote C:\Users\richt\OneDrive\Desktop\Code\transformer\experiments\gridworldv2-arms\dip-investigation\d_w16_nomem.json
[SparseWS] n_sparse=8 mem_slots=[9,13) W=16 (>= 2n OK) init=(2,4,256)

### D w8 n_ctx=4 hide=True tf=False mask=mem_only n=256
  k :   acc   k-1   k+1    p0  p_wr  cheb  colr  orac
   1: 0.180 0.227 0.164 0.227 0.227  1.65 0.984 1.000
   2: 0.191 0.203 0.184 0.242 0.242  1.78 0.996 1.000
   3: 0.020 0.020 0.012 0.027 0.027  2.53 0.301 1.000
   4: 0.715 0.445 0.473 0.203 0.715  0.36 1.000 1.000
   5: 0.492 0.738 0.402 0.215 0.738  0.62 0.984 1.000
   6: 0.426 0.492 0.301 0.219 0.703  0.90 0.992 1.000
   7: 0.289 0.422 0.254 0.215 0.688  1.22 0.996 1.000
   8: 0.262 0.305 0.227 0.207 0.688  1.48 1.000 1.000
   9: 0.203 0.266 0.199 0.207 0.703  1.71 0.988 1.000
  10: 0.188 0.234 0.172 0.223 0.676  1.86 0.996 1.000
  11: 0.023 0.020 0.016 0.020 0.004  2.58 0.297 1.000
  12: 0.367 0.301 0.289 0.035 0.367  0.97 0.285 1.000
  13: 0.266 0.355 0.234 0.047 0.355  1.21 0.305 1.000
  14: 0.227 0.254 0.184 0.039 0.336  1.43 0.293 1.000
  15: 0.180 0.215 0.145 0.039 0.340  1.62 0.277 1.000
  16: 0.164 0.168 0.000 0.039 0.289  1.77 0.281 1.000
wrote C:\Users\richt\OneDrive\Desktop\Code\transformer\experiments\gridworldv2-arms\dip-investigation\d_w8_memonly.json
[SparseWS] n_sparse=8 mem_slots=[9,13) W=16 (>= 2n OK) init=(2,4,256)

### D w16 n_ctx=4 hide=True tf=False mask=mem_only n=256
  k :   acc   k-1   k+1    p0  p_wr  cheb  colr  orac
   1: 0.184 0.230 0.172 0.230 0.230  1.68 0.992 1.000
   2: 0.172 0.180 0.145 0.242 0.242  1.83 0.988 1.000
   3: 0.125 0.133 0.105 0.195 0.195  1.99 1.000 1.000
   4: 0.246 0.266 0.195 0.215 0.246  1.66 0.992 1.000
   5: 0.211 0.250 0.184 0.230 0.250  1.67 0.992 1.000
   6: 0.254 0.293 0.195 0.234 0.391  1.58 1.000 1.000
   7: 0.199 0.254 0.172 0.262 0.418  1.55 0.984 1.000
   8: 0.227 0.223 0.180 0.250 0.484  1.68 0.996 1.000
   9: 0.188 0.215 0.141 0.234 0.496  1.80 0.996 1.000
  10: 0.156 0.184 0.145 0.246 0.617  1.93 1.000 1.000
  11: 0.172 0.172 0.164 0.164 0.637  1.93 0.992 1.000
  12: 0.230 0.242 0.180 0.180 0.230  1.77 0.996 1.000
  13: 0.184 0.234 0.180 0.148 0.234  1.82 0.984 1.000
  14: 0.211 0.195 0.172 0.133 0.289  1.77 1.000 1.000
  15: 0.188 0.242 0.148 0.109 0.328  1.92 0.988 1.000
  16: 0.145 0.191 0.000 0.102 0.348  2.00 0.996 1.000
wrote C:\Users\richt\OneDrive\Desktop\Code\transformer\experiments\gridworldv2-arms\dip-investigation\d_w16_memonly.json
[SparseWS] n_sparse=8 mem_slots=[9,13) W=16 (>= 2n OK) init=(2,4,256)

### D w8 n_ctx=8 hide=True tf=False mask=normal n=256
  k :   acc   k-1   k+1    p0  p_wr  cheb  colr  orac
   1: 0.891 0.520 0.500 0.520 0.520  0.11 1.000 1.000
   2: 0.859 0.512 0.484 0.430 0.430  0.14 1.000 1.000
   3: 0.863 0.508 0.523 0.305 0.305  0.14 1.000 1.000
   4: 0.859 0.516 0.527 0.254 0.254  0.14 1.000 1.000
   5: 0.883 0.508 0.523 0.234 0.234  0.12 1.000 1.000
   6: 0.938 0.523 0.543 0.199 0.199  0.06 1.000 1.000
   7: 0.672 0.430 0.383 0.168 0.168  0.35 0.473 1.000
   8: 0.449 0.523 0.309 0.152 0.449  0.59 0.555 1.000
   9: 0.512 0.445 0.406 0.121 0.445  0.54 0.555 1.000
  10: 0.535 0.426 0.359 0.129 0.320  0.51 0.504 1.000
  11: 0.598 0.391 0.359 0.109 0.238  0.43 0.473 1.000
  12: 0.539 0.395 0.379 0.082 0.199  0.51 0.387 1.000
  13: 0.551 0.395 0.398 0.070 0.172  0.51 0.336 1.000
  14: 0.586 0.402 0.387 0.059 0.141  0.44 0.238 1.000
  15: 0.555 0.383 0.406 0.051 0.113  0.48 0.270 1.000
  16: 0.453 0.488 0.359 0.051 0.453  0.64 0.285 1.000
  17: 0.430 0.418 0.324 0.043 0.418  0.68 0.262 1.000
  18: 0.457 0.328 0.316 0.055 0.270  0.69 0.250 1.000
  19: 0.473 0.316 0.336 0.047 0.215  0.63 0.262 1.000
  20: 0.473 0.312 0.000 0.035 0.164  0.63 0.309 1.000
wrote C:\Users\richt\OneDrive\Desktop\Code\transformer\experiments\gridworldv2-arms\dip-investigation\d_nctx8_w8.json
[SparseWS] n_sparse=8 mem_slots=[9,13) W=16 (>= 2n OK) init=(2,4,256)

### D w16 n_ctx=8 hide=True tf=False mask=normal n=256
  k :   acc   k-1   k+1    p0  p_wr  cheb  colr  orac
   1: 0.988 0.555 0.543 0.555 0.555  0.01 1.000 1.000
   2: 0.973 0.539 0.508 0.465 0.465  0.03 1.000 1.000
   3: 0.957 0.523 0.539 0.316 0.316  0.04 1.000 1.000
   4: 0.938 0.562 0.523 0.289 0.289  0.06 1.000 1.000
   5: 0.910 0.520 0.523 0.238 0.238  0.09 1.000 1.000
   6: 0.887 0.531 0.520 0.207 0.207  0.12 1.000 1.000
   7: 0.863 0.484 0.449 0.195 0.195  0.14 1.000 1.000
   8: 0.480 0.789 0.363 0.184 0.480  0.53 1.000 1.000
   9: 0.477 0.570 0.375 0.164 0.570  0.54 1.000 1.000
  10: 0.469 0.457 0.301 0.176 0.352  0.57 1.000 1.000
  11: 0.496 0.398 0.312 0.141 0.270  0.53 1.000 1.000
  12: 0.504 0.352 0.328 0.117 0.191  0.52 1.000 1.000
  13: 0.535 0.359 0.336 0.094 0.188  0.49 1.000 1.000
  14: 0.551 0.379 0.363 0.070 0.180  0.46 1.000 1.000
  15: 0.594 0.379 0.410 0.059 0.160  0.43 1.000 1.000
  16: 0.438 0.574 0.309 0.051 0.438  0.62 1.000 1.000
  17: 0.434 0.480 0.301 0.047 0.480  0.62 1.000 1.000
  18: 0.473 0.387 0.293 0.070 0.289  0.62 1.000 1.000
  19: 0.473 0.355 0.316 0.070 0.223  0.60 1.000 1.000
  20: 0.484 0.355 0.000 0.059 0.195  0.59 1.000 1.000
wrote C:\Users\richt\OneDrive\Desktop\Code\transformer\experiments\gridworldv2-arms\dip-investigation\d_nctx8_w16.json
ALL_PROBES_DONE
