[SparseWS] n_sparse=8 mem_slots=[9,13) W=16 (>= 2n OK) init=(2,4,256)

### D w16 n_ctx=4 hide=True tf=False mask=normal spoof=at_write n=256
  k :   acc   k-1   k+1    p0  p_wr  cheb  colr  orac
   1: 0.992 0.449 0.508 0.449 0.449  0.01 1.000 1.000
   2: 0.984 0.504 0.535 0.395 0.395  0.02 1.000 1.000
   3: 0.996 0.543 0.523 0.305 0.305  0.00 1.000 1.000
   4: 0.535 0.992 0.434 0.305 0.535  0.46 1.000 1.000
   5: 0.605 0.762 0.445 0.199 0.762  0.40 1.000 1.000
   6: 0.613 0.590 0.410 0.172 0.426  0.39 1.000 1.000
   7: 0.672 0.449 0.457 0.152 0.297  0.34 1.000 1.000
   8: 0.684 0.461 0.457 0.129 0.254  0.34 1.000 1.000
   9: 0.703 0.465 0.445 0.117 0.258  0.33 1.000 1.000
  10: 0.688 0.469 0.000 0.113 0.207  0.34 1.000 1.000
wrote C:\Users\richt\OneDrive\Desktop\Code\transformer\experiments\gridworldv2-arms\dip-investigation\d_w16_spoofwrite.json
[SparseWS] n_sparse=8 mem_slots=[9,13) W=16 (>= 2n OK) init=(2,4,256)

### D w16 n_ctx=4 hide=True tf=False mask=normal spoof=after_write n=256
  k :   acc   k-1   k+1    p0  p_wr  cheb  colr  orac
   1: 1.000 0.449 0.500 0.449 0.449  0.00 1.000 1.000
   2: 0.992 0.500 0.543 0.395 0.395  0.01 1.000 1.000
   3: 0.996 0.539 0.531 0.305 0.305  0.00 1.000 1.000
   4: 0.594 0.934 0.461 0.297 0.594  0.41 1.000 1.000
   5: 0.473 0.625 0.363 0.289 0.625  0.75 1.000 1.000
   6: 0.500 0.461 0.344 0.168 0.578  0.68 1.000 1.000
   7: 0.559 0.391 0.387 0.145 0.332  0.60 1.000 1.000
   8: 0.594 0.422 0.371 0.129 0.297  0.55 1.000 1.000
   9: 0.613 0.395 0.406 0.102 0.258  0.52 1.000 1.000
  10: 0.621 0.414 0.000 0.105 0.207  0.51 1.000 1.000
wrote C:\Users\richt\OneDrive\Desktop\Code\transformer\experiments\gridworldv2-arms\dip-investigation\d_w16_spoofafter.json
[SparseWS] n_sparse=8 mem_slots=[9,13) W=16 (>= 2n OK) init=(2,4,256)

### D w16 n_ctx=4 hide=True tf=False mask=mem_only spoof=at_write n=256
  k :   acc   k-1   k+1    p0  p_wr  cheb  colr  orac
   1: 0.180 0.207 0.164 0.207 0.207  1.67 0.996 1.000
   2: 0.184 0.203 0.172 0.234 0.234  1.81 1.000 1.000
   3: 0.113 0.109 0.082 0.188 0.188  2.01 0.973 1.000
   4: 0.184 0.250 0.176 0.203 0.184  1.72 1.000 1.000
   5: 0.207 0.250 0.172 0.270 0.250  1.82 0.996 1.000
   6: 0.195 0.250 0.137 0.273 0.277  1.73 0.996 1.000
   7: 0.176 0.223 0.172 0.316 0.332  1.87 0.992 1.000
   8: 0.168 0.188 0.156 0.281 0.402  1.93 1.000 1.000
   9: 0.180 0.199 0.172 0.270 0.391  2.00 0.996 1.000
  10: 0.188 0.191 0.000 0.266 0.406  2.04 0.992 1.000
wrote C:\Users\richt\OneDrive\Desktop\Code\transformer\experiments\gridworldv2-arms\dip-investigation\d_w16_memonly_spoofwrite.json
