=== job memmaze-community-d4-window-cache-batch-compare on mlcbm006 | jobid 430088 | Sat Aug  8 02:39:46 CEST 2026 ===
NVIDIA H100 80GB HBM3, 81559 MiB
=== commit: 7fb5bde193ac690fd82732c4b16307207edeedab ===
=== reusing cached venv /weka/martius/mot936/venvs/venv-b05c6eb3f672f99e ===
=== running: bash experiments/dreamer4-community-mem2mem/diagnose_latent_cache_h100.sh ===
[synth] 5 npz of T=60 -> /scratch_local/mot936-430088/tmp/d4val_iv7r30x1/raw
5/5 traj  (79.9/s, 9 shards, peak_rss=0.50 GiB)
DONE task=memmaze: 5 trajectories, N=300 frames, 10 shards (shard_size=32), n_actions=[6]
  frames -> /scratch_local/mot936-430088/tmp/d4val_iv7r30x1/d4/shards/memmaze
  demo   -> /scratch_local/mot936-430088/tmp/d4val_iv7r30x1/d4/demos/memmaze.pt  (episode/action(A=16)/reward, N=300)
[ShardedFrameDataset] roots=1, shards=10, seq_starts=230
[tokenizer] ShardedFrameDataset ok: sample=(8, 3, 64, 64) range=[0.00,1.00]
[WMDataset] Warning: tasks_json not found at __none__ (continuing with zeros lang_emb + default action masks).
[WMDataset] Task filter: keeping 1/1 tasks
[WMDataset] task=memmaze segments=1 N_eff=300 valid=220 act_dim=16 lang=no
[WMDataset] Total valid sequences: 220 across 1 tasks.
[dynamics] WMDataset ok: obs=(4, 17, 3, 64, 64) act=(4, 16, 16) (clean one-hot in first 6)
[alignment] raw action[t] -> raw image[t] survives conversion, WMDataset, and train shift exactly
[model] 64x64 forward ok: z=(2, 6, 16, 32) z1_packed=(2, 6, 8, 64) dyn_out=(2, 6, 8, 64) (output is 0 on untrained model: flow_x_head is zero-init)

VALIDATION PASSED - community WMDataset + ShardedFrameDataset + model accept the format at 64x64.
[gate 1a] vanilla construction/forward parity max_abs=0
[gate 2] seed-0 shared initialization bit-identical; only memory_tokens is new
[gate 3] shapes correct; future perturbation changes earlier outputs by max_abs=0
[gate 4] relay grad=5.209043e-06; deliberate-detach grad=0.0
[gates 5/6] distinct-channel matched-input effects: {'memory_prediction': 0.010959982872009277, 'memory_write': 0.8189592361450195, 'actions': 1.8417835235595703e-05, 'registers': 0.0002696514129638672}
[gate 7] unique loss accounting; segmented-vs-monolithic grad max_abs=0.0
[gate 10a] finite beyond eviction; blank-after-eviction effect=4.108697e-03; vanilla/memory target-noise generator states match
MODEL/ROLLOUT VALIDATION PASSED
MEM2MEM SETUP PASSED
D4_ROOT=/weka/martius/mot936/dreamerv4-tests/runs/dreamer4-community-mem2mem/upstream-b8abafbf-004e14cba1ee
D4_PYTHON=/weka/martius/mot936/dreamerv4-tests/runs/dreamer4-community-baseline/envs/venv-82924c6c2b64/bin/python
/weka/martius/mot936/dreamerv4-tests/runs/dreamer4-community-baseline/envs/venv-82924c6c2b64/lib64/python3.11/site-packages/pydantic/_internal/_generate_schema.py:2274: UnsupportedFieldAttributeWarning: The 'repr' attribute with value False was provided to the `Field()` function, which has no effect in the context it was used. 'repr' is field-specific metadata, and can only be attached to a model field using `Annotated` metadata or by assignment. This may have happened because an `Annotated` type alias using the `type` statement was used, or if the `Field()` function was attached to a single member of a union type.
  warnings.warn(
/weka/martius/mot936/dreamerv4-tests/runs/dreamer4-community-baseline/envs/venv-82924c6c2b64/lib64/python3.11/site-packages/pydantic/_internal/_generate_schema.py:2274: UnsupportedFieldAttributeWarning: The 'frozen' attribute with value True was provided to the `Field()` function, which has no effect in the context it was used. 'frozen' is field-specific metadata, and can only be attached to a model field using `Annotated` metadata or by assignment. This may have happened because an `Annotated` type alias using the `type` statement was used, or if the `Field()` function was attached to a single member of a union type.
  warnings.warn(
{
  "builder_batch_replay_vs_cached": {
    "all_bit_equal": true,
    "batch_size": 64,
    "groups": {
      "0": {
        "bit_equal": true,
        "cosine": 1.0000145435333252,
        "max_abs": 0.0,
        "mean_abs": 0.0,
        "relative_l2": 0.0,
        "rmse": 0.0
      },
      "1404992": {
        "bit_equal": true,
        "cosine": 1.0000139474868774,
        "max_abs": 0.0,
        "mean_abs": 0.0,
        "relative_l2": 0.0,
        "rmse": 0.0
      },
      "2810048": {
        "bit_equal": true,
        "cosine": 1.0000121593475342,
        "max_abs": 0.0,
        "mean_abs": 0.0,
        "relative_l2": 0.0,
        "rmse": 0.0
      },
      "401408": {
        "bit_equal": true,
        "cosine": 1.000013828277588,
        "max_abs": 0.0,
        "mean_abs": 0.0,
        "relative_l2": 0.0,
        "rmse": 0.0
      }
    },
    "max_abs": 0.0,
    "max_relative_l2": 0.0,
    "min_cosine": 1.0000121593475342,
    "reference_batch_size": 64
  },
  "cache_manifest_sha256": "e7a4e57e63e357d1986154a1b6c3cea9f4220b1a716e4a553df8a345fb2f4fcf",
  "cache_shape": [
    2810100,
    32,
    8,
    64
  ],
  "comparison_batch_shapes_vs_cached": {
    "128": {
      "all_bit_equal": false,
      "batch_size": 128,
      "groups": {
        "0": {
          "bit_equal": true,
          "cosine": 1.0000383853912354,
          "max_abs": 0.0,
          "mean_abs": 0.0,
          "relative_l2": 0.0,
          "rmse": 0.0
        },
        "1404928": {
          "bit_equal": true,
          "cosine": 1.0000407695770264,
          "max_abs": 0.0,
          "mean_abs": 0.0,
          "relative_l2": 0.0,
          "rmse": 0.0
        },
        "2809984": {
          "bit_equal": false,
          "cosine": 1.000037431716919,
          "max_abs": 0.0008597075939178467,
          "mean_abs": 7.899759657448158e-05,
          "relative_l2": 0.0001826751453684679,
          "rmse": 0.00010914036829490215
        },
        "401408": {
          "bit_equal": true,
          "cosine": 1.0000412464141846,
          "max_abs": 0.0,
          "mean_abs": 0.0,
          "relative_l2": 0.0,
          "rmse": 0.0
        }
      },
      "max_abs": 0.0008597075939178467,
      "max_relative_l2": 0.0001826751453684679,
      "min_cosine": 1.000037431716919
    },
    "24": {
      "all_bit_equal": true,
      "batch_size": 24,
      "groups": {
        "0": {
          "bit_equal": true,
          "cosine": 1.0000040531158447,
          "max_abs": 0.0,
          "mean_abs": 0.0,
          "relative_l2": 0.0,
          "rmse": 0.0
        },
        "1405032": {
          "bit_equal": true,
          "cosine": 1.0000039339065552,
          "max_abs": 0.0,
          "mean_abs": 0.0,
          "relative_l2": 0.0,
          "rmse": 0.0
        },
        "2810088": {
          "bit_equal": true,
          "cosine": 1.000000238418579,
          "max_abs": 0.0,
          "mean_abs": 0.0,
          "relative_l2": 0.0,
          "rmse": 0.0
        },
        "401424": {
          "bit_equal": true,
          "cosine": 1.0000032186508179,
          "max_abs": 0.0,
          "mean_abs": 0.0,
          "relative_l2": 0.0,
          "rmse": 0.0
        }
      },
      "max_abs": 0.0,
      "max_relative_l2": 0.0,
      "min_cosine": 1.000000238418579
    }
  },
  "dtype": "float32",
  "full_hash_checked": false,
  "sampled_long_clips": [
    0,
    843900,
    2531699
  ],
  "sampled_online_windows": [
    0,
    1,
    401442,
    1405050,
    2810098,
    2810099
  ],
  "singleton_online_vs_cached": {
    "max_abs": 0.0006165802478790283,
    "rows": {
      "0": {
        "bit_equal": false,
        "cosine": 0.9999999403953552,
        "max_abs": 0.0005641840398311615,
        "mean_abs": 8.06278403615579e-05,
        "relative_l2": 0.00018964040164860278,
        "rmse": 0.00011081526463385671
      },
      "1": {
        "bit_equal": false,
        "cosine": 1.0,
        "max_abs": 0.0006165802478790283,
        "mean_abs": 8.243414777098224e-05,
        "relative_l2": 0.00019419666804608494,
        "rmse": 0.00011288743553450331
      },
      "1405050": {
        "bit_equal": false,
        "cosine": 0.9999998807907104,
        "max_abs": 0.0005716383457183838,
        "mean_abs": 8.006652205949649e-05,
        "relative_l2": 0.00018377252798135524,
        "rmse": 0.00011078172974521294
      },
      "2810098": {
        "bit_equal": false,
        "cosine": 1.0,
        "max_abs": 0.000581834465265274,
        "mean_abs": 7.916805043350905e-05,
        "relative_l2": 0.00018570395457779336,
        "rmse": 0.00010878163448069245
      },
      "2810099": {
        "bit_equal": false,
        "cosine": 1.000000238418579,
        "max_abs": 0.0005966871976852417,
        "mean_abs": 7.983049727045e-05,
        "relative_l2": 0.00018597059190903455,
        "rmse": 0.00010875661246245727
      },
      "401442": {
        "bit_equal": false,
        "cosine": 0.9999999403953552,
        "max_abs": 0.0005482733249664307,
        "mean_abs": 8.099529077298939e-05,
        "relative_l2": 0.0001855924307115374,
        "rmse": 0.00011188544885953888
      }
    }
  },
  "tokenizer_sha256": "347052fae0212ea2c6b943ae7c28a886298ce551d4155b882084d63a3ea48797",
  "train_manifest_sha256": "834c9b29e4436614694635826d570d3695542058e020487500691e8954ab673c"
}
EXACT COMMUNITY LATENT CACHE VALIDATION PASSED
CACHE NUMERICAL DIAGNOSTIC PASSED
=== done memmaze-community-d4-window-cache-batch-compare rc=0 Sat Aug  8 02:39:58 CEST 2026 ===
