=== job memmaze-community-d4-window-cache-v2 on mlcbm011 | jobid 429612 | Fri Aug  7 12:26:35 CEST 2026 ===
NVIDIA H100 80GB HBM3, 81559 MiB
=== commit: bd4e40dff3e3660452aeb247ee2e4c5ac299a2f6 ===
=== reusing cached venv /weka/martius/mot936/venvs/venv-b05c6eb3f672f99e ===
=== running: bash experiments/dreamer4-community-mem2mem/build_latent_cache_h100.sh ===
[synth] 5 npz of T=60 -> /scratch_local/mot936-429612/tmp/d4val_dfk_ycju/raw
5/5 traj  (23.4/s, 9 shards, peak_rss=0.50 GiB)
DONE task=memmaze: 5 trajectories, N=300 frames, 10 shards (shard_size=32), n_actions=[6]
  frames -> /scratch_local/mot936-429612/tmp/d4val_dfk_ycju/d4/shards/memmaze
  demo   -> /scratch_local/mot936-429612/tmp/d4val_dfk_ycju/d4/demos/memmaze.pt  (episode/action(A=16)/reward, N=300)
[ShardedFrameDataset] roots=1, shards=10, seq_starts=230
[tokenizer] ShardedFrameDataset ok: sample=(8, 3, 64, 64) range=[0.00,1.00]
[WMDataset] Warning: tasks_json not found at __none__ (continuing with zeros lang_emb + default action masks).
[WMDataset] Task filter: keeping 1/1 tasks
[WMDataset] task=memmaze segments=1 N_eff=300 valid=220 act_dim=16 lang=no
[WMDataset] Total valid sequences: 220 across 1 tasks.
[dynamics] WMDataset ok: obs=(4, 17, 3, 64, 64) act=(4, 16, 16) (clean one-hot in first 6)
[alignment] raw action[t] -> raw image[t] survives conversion, WMDataset, and train shift exactly
[model] 64x64 forward ok: z=(2, 6, 16, 32) z1_packed=(2, 6, 8, 64) dyn_out=(2, 6, 8, 64) (output is 0 on untrained model: flow_x_head is zero-init)

VALIDATION PASSED - community WMDataset + ShardedFrameDataset + model accept the format at 64x64.
[gate 1a] vanilla construction/forward parity max_abs=0
[gate 2] seed-0 shared initialization bit-identical; only memory_tokens is new
[gate 3] shapes correct; future perturbation changes earlier outputs by max_abs=0
[gate 4] relay grad=5.209043e-06; deliberate-detach grad=0.0
[gates 5/6] distinct-channel matched-input effects: {'memory_prediction': 0.010959982872009277, 'memory_write': 0.8189592361450195, 'actions': 1.8417835235595703e-05, 'registers': 0.0002696514129638672}
[gate 7] unique loss accounting; segmented-vs-monolithic grad max_abs=0.0
[gate 10a] finite beyond eviction; blank-after-eviction effect=4.108697e-03; vanilla/memory target-noise generator states match
MODEL/ROLLOUT VALIDATION PASSED
MEM2MEM SETUP PASSED
D4_ROOT=/weka/martius/mot936/dreamerv4-tests/runs/dreamer4-community-mem2mem/upstream-b8abafbf-004e14cba1ee
D4_PYTHON=/weka/martius/mot936/dreamerv4-tests/runs/dreamer4-community-baseline/envs/venv-82924c6c2b64/bin/python
{
  "root": "/weka/martius/mot936/dreamerv4-tests/data/d4_memmaze_community/train-part0-v2",
  "task": "memmaze",
  "trajectories": 2900,
  "frames": 2902900,
  "shards": 1418,
  "trajectory_names_sha256": "066ad5ca371f8a4ad6d280ceb0c5630926dbc8b03d1d251bbd2ad18d0065b83d"
}
{
  "root": "/weka/martius/mot936/dreamerv4-tests/data/d4_memmaze_community/eval-v2",
  "task": "memmaze",
  "trajectories": 1000,
  "frames": 1001000,
  "shards": 489,
  "trajectory_names_sha256": "a16019bcd51f662de671258f320729f8e67613f1b235df873384d77c0bd0b53a"
}
SPLIT DISJOINTNESS PASSED
CONVERSION VALIDATION PASSED
/weka/martius/mot936/dreamerv4-tests/runs/dreamer4-community-baseline/envs/venv-82924c6c2b64/lib64/python3.11/site-packages/pydantic/_internal/_generate_schema.py:2274: UnsupportedFieldAttributeWarning: The 'repr' attribute with value False was provided to the `Field()` function, which has no effect in the context it was used. 'repr' is field-specific metadata, and can only be attached to a model field using `Annotated` metadata or by assignment. This may have happened because an `Annotated` type alias using the `type` statement was used, or if the `Field()` function was attached to a single member of a union type.
  warnings.warn(
/weka/martius/mot936/dreamerv4-tests/runs/dreamer4-community-baseline/envs/venv-82924c6c2b64/lib64/python3.11/site-packages/pydantic/_internal/_generate_schema.py:2274: UnsupportedFieldAttributeWarning: The 'frozen' attribute with value True was provided to the `Field()` function, which has no effect in the context it was used. 'frozen' is field-specific metadata, and can only be attached to a model field using `Annotated` metadata or by assignment. This may have happened because an `Annotated` type alias using the `type` statement was used, or if the `Field()` function was attached to a single member of a union type.
  warnings.warn(
{
  "action_alignment": "raw action[t] produced raw image[t]",
  "channel_order": "RGB",
  "content_overlap": 0,
  "encoding_reference": "exact independent (episode,start,W) community-tokenizer windows",
  "eval_manifest_sha256": "3739484c11a87dca14c714b3b491e24e923f9a0a0c48c11cc4bf2e6950e62d20",
  "eval_trajectories": 1000,
  "eval_trajectory_names_sha256": "a16019bcd51f662de671258f320729f8e67613f1b235df873384d77c0bd0b53a",
  "repeated_window_encoding_max_abs": 0.0,
  "tokenizer_config_d_bottleneck": 32,
  "tokenizer_config_n_latents": 16,
  "tokenizer_latent_shape": [
    1,
    32,
    16,
    32
  ],
  "tokenizer_sha256": "347052fae0212ea2c6b943ae7c28a886298ce551d4155b882084d63a3ea48797",
  "train_manifest_sha256": "834c9b29e4436614694635826d570d3695542058e020487500691e8954ab673c",
  "train_trajectories": 2900,
  "train_trajectory_names_sha256": "066ad5ca371f8a4ad6d280ceb0c5630926dbc8b03d1d251bbd2ad18d0065b83d",
  "window": 32
}
DATA IDENTITY VALIDATION PASSED
/weka/martius/mot936/dreamerv4-tests/runs/dreamer4-community-baseline/envs/venv-82924c6c2b64/lib64/python3.11/site-packages/pydantic/_internal/_generate_schema.py:2274: UnsupportedFieldAttributeWarning: The 'repr' attribute with value False was provided to the `Field()` function, which has no effect in the context it was used. 'repr' is field-specific metadata, and can only be attached to a model field using `Annotated` metadata or by assignment. This may have happened because an `Annotated` type alias using the `type` statement was used, or if the `Field()` function was attached to a single member of a union type.
  warnings.warn(
/weka/martius/mot936/dreamerv4-tests/runs/dreamer4-community-baseline/envs/venv-82924c6c2b64/lib64/python3.11/site-packages/pydantic/_internal/_generate_schema.py:2274: UnsupportedFieldAttributeWarning: The 'frozen' attribute with value True was provided to the `Field()` function, which has no effect in the context it was used. 'frozen' is field-specific metadata, and can only be attached to a model field using `Annotated` metadata or by assignment. This may have happened because an `Annotated` type alias using the `type` statement was used, or if the `Field()` function was attached to a single member of a union type.
  warnings.warn(
[WMDataset] Warning: tasks_json not found at __none__ (continuing with zeros lang_emb + default action masks).
[WMDataset] Task filter: keeping 1/1 tasks
[WMDataset] task=memmaze segments=1 N_eff=2902900 valid=2810100 act_dim=16 lang=no
[WMDataset] Total valid sequences: 2810100 across 1 tasks.
cache rows 6,400/2,810,100 (301.3 windows/s)
cache rows 12,800/2,810,100 (304.7 windows/s)
cache rows 19,200/2,810,100 (306.3 windows/s)
cache rows 25,600/2,810,100 (306.5 windows/s)
cache rows 32,000/2,810,100 (306.9 windows/s)
cache rows 38,400/2,810,100 (307.3 windows/s)
cache rows 44,800/2,810,100 (307.3 windows/s)
cache rows 51,200/2,810,100 (307.5 windows/s)
cache rows 57,600/2,810,100 (307.7 windows/s)
cache rows 64,000/2,810,100 (307.6 windows/s)
cache rows 70,400/2,810,100 (307.7 windows/s)
cache rows 76,800/2,810,100 (307.9 windows/s)
cache rows 83,200/2,810,100 (307.8 windows/s)
cache rows 89,600/2,810,100 (307.9 windows/s)
cache rows 96,000/2,810,100 (308.0 windows/s)
cache rows 102,400/2,810,100 (308.0 windows/s)
cache rows 108,800/2,810,100 (308.0 windows/s)
cache rows 115,200/2,810,100 (307.9 windows/s)
cache rows 121,600/2,810,100 (308.0 windows/s)
cache rows 128,000/2,810,100 (308.0 windows/s)
cache rows 134,400/2,810,100 (308.0 windows/s)
cache rows 140,800/2,810,100 (307.9 windows/s)
cache rows 147,200/2,810,100 (308.0 windows/s)
cache rows 153,600/2,810,100 (308.0 windows/s)
cache rows 160,000/2,810,100 (308.0 windows/s)
cache rows 166,400/2,810,100 (307.9 windows/s)
cache rows 172,800/2,810,100 (308.0 windows/s)
cache rows 179,200/2,810,100 (307.9 windows/s)
cache rows 185,600/2,810,100 (307.9 windows/s)
cache rows 192,000/2,810,100 (308.0 windows/s)
cache rows 198,400/2,810,100 (307.9 windows/s)
cache rows 204,800/2,810,100 (307.9 windows/s)
cache rows 211,200/2,810,100 (307.9 windows/s)
cache rows 217,600/2,810,100 (307.9 windows/s)
cache rows 224,000/2,810,100 (307.9 windows/s)
cache rows 230,400/2,810,100 (307.7 windows/s)
cache rows 236,800/2,810,100 (307.7 windows/s)
cache rows 243,200/2,810,100 (307.7 windows/s)
cache rows 249,600/2,810,100 (307.7 windows/s)
cache rows 256,000/2,810,100 (307.7 windows/s)
cache rows 262,400/2,810,100 (307.7 windows/s)
cache rows 268,800/2,810,100 (307.7 windows/s)
cache rows 275,200/2,810,100 (307.7 windows/s)
cache rows 281,600/2,810,100 (307.7 windows/s)
cache rows 288,000/2,810,100 (307.7 windows/s)
cache rows 294,400/2,810,100 (307.6 windows/s)
cache rows 300,800/2,810,100 (307.7 windows/s)
cache rows 307,200/2,810,100 (307.7 windows/s)
cache rows 313,600/2,810,100 (307.6 windows/s)
cache rows 320,000/2,810,100 (307.7 windows/s)
cache rows 326,400/2,810,100 (307.7 windows/s)
cache rows 332,800/2,810,100 (307.7 windows/s)
cache rows 339,200/2,810,100 (307.7 windows/s)
cache rows 345,600/2,810,100 (307.7 windows/s)
cache rows 352,000/2,810,100 (307.7 windows/s)
cache rows 358,400/2,810,100 (307.7 windows/s)
cache rows 364,800/2,810,100 (307.7 windows/s)
cache rows 371,200/2,810,100 (307.7 windows/s)
cache rows 377,600/2,810,100 (307.7 windows/s)
cache rows 384,000/2,810,100 (307.7 windows/s)
cache rows 390,400/2,810,100 (307.7 windows/s)
cache rows 396,800/2,810,100 (307.7 windows/s)
cache rows 403,200/2,810,100 (307.7 windows/s)
cache rows 409,600/2,810,100 (307.7 windows/s)
cache rows 416,000/2,810,100 (307.7 windows/s)
cache rows 422,400/2,810,100 (307.7 windows/s)
cache rows 428,800/2,810,100 (307.7 windows/s)
cache rows 435,200/2,810,100 (307.7 windows/s)
cache rows 441,600/2,810,100 (307.8 windows/s)
cache rows 448,000/2,810,100 (307.7 windows/s)
cache rows 454,400/2,810,100 (307.7 windows/s)
cache rows 460,800/2,810,100 (307.4 windows/s)
cache rows 467,200/2,810,100 (307.4 windows/s)
cache rows 473,600/2,810,100 (307.4 windows/s)
cache rows 480,000/2,810,100 (307.4 windows/s)
cache rows 486,400/2,810,100 (307.4 windows/s)
cache rows 492,800/2,810,100 (307.5 windows/s)
cache rows 499,200/2,810,100 (307.5 windows/s)
cache rows 505,600/2,810,100 (307.5 windows/s)
cache rows 512,000/2,810,100 (307.5 windows/s)
cache rows 518,400/2,810,100 (307.5 windows/s)
cache rows 524,800/2,810,100 (307.5 windows/s)
cache rows 531,200/2,810,100 (307.5 windows/s)
cache rows 537,600/2,810,100 (307.4 windows/s)
cache rows 544,000/2,810,100 (307.4 windows/s)
cache rows 550,400/2,810,100 (307.4 windows/s)
cache rows 556,800/2,810,100 (307.4 windows/s)
cache rows 563,200/2,810,100 (307.4 windows/s)
cache rows 569,600/2,810,100 (307.4 windows/s)
cache rows 576,000/2,810,100 (307.4 windows/s)
cache rows 582,400/2,810,100 (307.4 windows/s)
cache rows 588,800/2,810,100 (307.4 windows/s)
cache rows 595,200/2,810,100 (307.5 windows/s)
cache rows 601,600/2,810,100 (307.4 windows/s)
cache rows 608,000/2,810,100 (307.5 windows/s)
cache rows 614,400/2,810,100 (307.5 windows/s)
cache rows 620,800/2,810,100 (307.5 windows/s)
cache rows 627,200/2,810,100 (307.5 windows/s)
cache rows 633,600/2,810,100 (307.5 windows/s)
cache rows 640,000/2,810,100 (307.5 windows/s)
cache rows 646,400/2,810,100 (307.5 windows/s)
cache rows 652,800/2,810,100 (307.5 windows/s)
cache rows 659,200/2,810,100 (307.5 windows/s)
cache rows 665,600/2,810,100 (307.5 windows/s)
cache rows 672,000/2,810,100 (307.5 windows/s)
cache rows 678,400/2,810,100 (307.5 windows/s)
cache rows 684,800/2,810,100 (307.5 windows/s)
cache rows 691,200/2,810,100 (307.5 windows/s)
cache rows 697,600/2,810,100 (307.5 windows/s)
cache rows 704,000/2,810,100 (307.5 windows/s)
cache rows 710,400/2,810,100 (307.5 windows/s)
cache rows 716,800/2,810,100 (307.5 windows/s)
cache rows 723,200/2,810,100 (307.5 windows/s)
cache rows 729,600/2,810,100 (307.5 windows/s)
cache rows 736,000/2,810,100 (307.5 windows/s)
cache rows 742,400/2,810,100 (307.5 windows/s)
cache rows 748,800/2,810,100 (307.5 windows/s)
cache rows 755,200/2,810,100 (307.5 windows/s)
cache rows 761,600/2,810,100 (307.5 windows/s)
cache rows 768,000/2,810,100 (307.5 windows/s)
cache rows 774,400/2,810,100 (307.5 windows/s)
cache rows 780,800/2,810,100 (307.5 windows/s)
cache rows 787,200/2,810,100 (307.5 windows/s)
cache rows 793,600/2,810,100 (307.4 windows/s)
cache rows 800,000/2,810,100 (307.4 windows/s)
cache rows 806,400/2,810,100 (307.4 windows/s)
cache rows 812,800/2,810,100 (307.4 windows/s)
cache rows 819,200/2,810,100 (307.4 windows/s)
cache rows 825,600/2,810,100 (307.4 windows/s)
cache rows 832,000/2,810,100 (307.4 windows/s)
cache rows 838,400/2,810,100 (307.4 windows/s)
cache rows 844,800/2,810,100 (307.4 windows/s)
cache rows 851,200/2,810,100 (307.4 windows/s)
cache rows 857,600/2,810,100 (307.4 windows/s)
cache rows 864,000/2,810,100 (307.4 windows/s)
cache rows 870,400/2,810,100 (307.4 windows/s)
cache rows 876,800/2,810,100 (307.4 windows/s)
cache rows 883,200/2,810,100 (307.4 windows/s)
cache rows 889,600/2,810,100 (307.4 windows/s)
cache rows 896,000/2,810,100 (307.4 windows/s)
cache rows 902,400/2,810,100 (307.4 windows/s)
cache rows 908,800/2,810,100 (307.3 windows/s)
cache rows 915,200/2,810,100 (307.3 windows/s)
cache rows 921,600/2,810,100 (307.3 windows/s)
cache rows 928,000/2,810,100 (307.3 windows/s)
cache rows 934,400/2,810,100 (307.3 windows/s)
cache rows 940,800/2,810,100 (307.3 windows/s)
cache rows 947,200/2,810,100 (307.3 windows/s)
cache rows 953,600/2,810,100 (307.3 windows/s)
cache rows 960,000/2,810,100 (307.3 windows/s)
cache rows 966,400/2,810,100 (307.3 windows/s)
cache rows 972,800/2,810,100 (307.3 windows/s)
cache rows 979,200/2,810,100 (307.3 windows/s)
cache rows 985,600/2,810,100 (307.3 windows/s)
cache rows 992,000/2,810,100 (307.3 windows/s)
cache rows 998,400/2,810,100 (307.4 windows/s)
cache rows 1,004,800/2,810,100 (307.4 windows/s)
cache rows 1,011,200/2,810,100 (307.4 windows/s)
cache rows 1,017,600/2,810,100 (307.4 windows/s)
cache rows 1,024,000/2,810,100 (307.4 windows/s)
cache rows 1,030,400/2,810,100 (307.4 windows/s)
cache rows 1,036,800/2,810,100 (307.4 windows/s)
cache rows 1,043,200/2,810,100 (307.4 windows/s)
cache rows 1,049,600/2,810,100 (307.4 windows/s)
cache rows 1,056,000/2,810,100 (307.4 windows/s)
cache rows 1,062,400/2,810,100 (307.4 windows/s)
cache rows 1,068,800/2,810,100 (307.4 windows/s)
cache rows 1,075,200/2,810,100 (307.4 windows/s)
cache rows 1,081,600/2,810,100 (307.4 windows/s)
cache rows 1,088,000/2,810,100 (307.4 windows/s)
cache rows 1,094,400/2,810,100 (307.4 windows/s)
cache rows 1,100,800/2,810,100 (307.3 windows/s)
cache rows 1,107,200/2,810,100 (307.3 windows/s)
cache rows 1,113,600/2,810,100 (307.3 windows/s)
cache rows 1,120,000/2,810,100 (307.3 windows/s)
cache rows 1,126,400/2,810,100 (307.3 windows/s)
cache rows 1,132,800/2,810,100 (307.3 windows/s)
cache rows 1,139,200/2,810,100 (307.3 windows/s)
cache rows 1,145,600/2,810,100 (307.3 windows/s)
cache rows 1,152,000/2,810,100 (307.4 windows/s)
cache rows 1,158,400/2,810,100 (307.4 windows/s)
cache rows 1,164,800/2,810,100 (307.4 windows/s)
cache rows 1,171,200/2,810,100 (307.4 windows/s)
cache rows 1,177,600/2,810,100 (307.4 windows/s)
cache rows 1,184,000/2,810,100 (307.4 windows/s)
cache rows 1,190,400/2,810,100 (307.4 windows/s)
cache rows 1,196,800/2,810,100 (307.4 windows/s)
cache rows 1,203,200/2,810,100 (307.4 windows/s)
cache rows 1,209,600/2,810,100 (307.4 windows/s)
cache rows 1,216,000/2,810,100 (307.3 windows/s)
cache rows 1,222,400/2,810,100 (307.3 windows/s)
cache rows 1,228,800/2,810,100 (307.3 windows/s)
cache rows 1,235,200/2,810,100 (307.4 windows/s)
cache rows 1,241,600/2,810,100 (307.3 windows/s)
cache rows 1,248,000/2,810,100 (307.4 windows/s)
cache rows 1,254,400/2,810,100 (307.4 windows/s)
cache rows 1,260,800/2,810,100 (307.3 windows/s)
cache rows 1,267,200/2,810,100 (307.3 windows/s)
cache rows 1,273,600/2,810,100 (307.3 windows/s)
cache rows 1,280,000/2,810,100 (307.4 windows/s)
cache rows 1,286,400/2,810,100 (307.4 windows/s)
cache rows 1,292,800/2,810,100 (307.4 windows/s)
cache rows 1,299,200/2,810,100 (307.4 windows/s)
cache rows 1,305,600/2,810,100 (307.4 windows/s)
cache rows 1,312,000/2,810,100 (307.4 windows/s)
cache rows 1,318,400/2,810,100 (307.4 windows/s)
cache rows 1,324,800/2,810,100 (307.4 windows/s)
cache rows 1,331,200/2,810,100 (307.4 windows/s)
cache rows 1,337,600/2,810,100 (307.4 windows/s)
cache rows 1,344,000/2,810,100 (307.4 windows/s)
cache rows 1,350,400/2,810,100 (307.4 windows/s)
cache rows 1,356,800/2,810,100 (307.4 windows/s)
cache rows 1,363,200/2,810,100 (307.4 windows/s)
cache rows 1,369,600/2,810,100 (307.4 windows/s)
cache rows 1,376,000/2,810,100 (307.4 windows/s)
cache rows 1,382,400/2,810,100 (307.4 windows/s)
cache rows 1,388,800/2,810,100 (307.4 windows/s)
cache rows 1,395,200/2,810,100 (307.4 windows/s)
cache rows 1,401,600/2,810,100 (307.4 windows/s)
cache rows 1,408,000/2,810,100 (307.4 windows/s)
cache rows 1,414,400/2,810,100 (307.4 windows/s)
cache rows 1,420,800/2,810,100 (307.4 windows/s)
cache rows 1,427,200/2,810,100 (307.4 windows/s)
cache rows 1,433,600/2,810,100 (307.4 windows/s)
cache rows 1,440,000/2,810,100 (307.4 windows/s)
cache rows 1,446,400/2,810,100 (307.4 windows/s)
cache rows 1,452,800/2,810,100 (307.4 windows/s)
cache rows 1,459,200/2,810,100 (307.4 windows/s)
cache rows 1,465,600/2,810,100 (307.4 windows/s)
cache rows 1,472,000/2,810,100 (307.4 windows/s)
cache rows 1,478,400/2,810,100 (307.4 windows/s)
cache rows 1,484,800/2,810,100 (307.4 windows/s)
cache rows 1,491,200/2,810,100 (307.4 windows/s)
cache rows 1,497,600/2,810,100 (307.4 windows/s)
cache rows 1,504,000/2,810,100 (307.4 windows/s)
cache rows 1,510,400/2,810,100 (307.4 windows/s)
cache rows 1,516,800/2,810,100 (307.4 windows/s)
cache rows 1,523,200/2,810,100 (307.4 windows/s)
cache rows 1,529,600/2,810,100 (307.4 windows/s)
cache rows 1,536,000/2,810,100 (307.4 windows/s)
cache rows 1,542,400/2,810,100 (307.4 windows/s)
cache rows 1,548,800/2,810,100 (307.4 windows/s)
cache rows 1,555,200/2,810,100 (307.4 windows/s)
cache rows 1,561,600/2,810,100 (307.4 windows/s)
cache rows 1,568,000/2,810,100 (307.4 windows/s)
cache rows 1,574,400/2,810,100 (307.4 windows/s)
cache rows 1,580,800/2,810,100 (307.4 windows/s)
cache rows 1,587,200/2,810,100 (307.4 windows/s)
cache rows 1,593,600/2,810,100 (307.4 windows/s)
cache rows 1,600,000/2,810,100 (307.4 windows/s)
cache rows 1,606,400/2,810,100 (307.4 windows/s)
cache rows 1,612,800/2,810,100 (307.4 windows/s)
cache rows 1,619,200/2,810,100 (307.4 windows/s)
cache rows 1,625,600/2,810,100 (307.4 windows/s)
cache rows 1,632,000/2,810,100 (307.4 windows/s)
cache rows 1,638,400/2,810,100 (307.4 windows/s)
cache rows 1,644,800/2,810,100 (307.4 windows/s)
cache rows 1,651,200/2,810,100 (307.4 windows/s)
cache rows 1,657,600/2,810,100 (307.4 windows/s)
cache rows 1,664,000/2,810,100 (307.4 windows/s)
cache rows 1,670,400/2,810,100 (307.4 windows/s)
cache rows 1,676,800/2,810,100 (307.4 windows/s)
cache rows 1,683,200/2,810,100 (307.4 windows/s)
cache rows 1,689,600/2,810,100 (307.4 windows/s)
cache rows 1,696,000/2,810,100 (307.4 windows/s)
cache rows 1,702,400/2,810,100 (307.4 windows/s)
cache rows 1,708,800/2,810,100 (307.4 windows/s)
cache rows 1,715,200/2,810,100 (307.4 windows/s)
cache rows 1,721,600/2,810,100 (307.4 windows/s)
cache rows 1,728,000/2,810,100 (307.4 windows/s)
cache rows 1,734,400/2,810,100 (307.4 windows/s)
cache rows 1,740,800/2,810,100 (307.4 windows/s)
cache rows 1,747,200/2,810,100 (307.4 windows/s)
cache rows 1,753,600/2,810,100 (307.4 windows/s)
cache rows 1,760,000/2,810,100 (307.4 windows/s)
cache rows 1,766,400/2,810,100 (307.4 windows/s)
cache rows 1,772,800/2,810,100 (307.4 windows/s)
cache rows 1,779,200/2,810,100 (307.4 windows/s)
cache rows 1,785,600/2,810,100 (307.4 windows/s)
cache rows 1,792,000/2,810,100 (307.4 windows/s)
cache rows 1,798,400/2,810,100 (307.4 windows/s)
cache rows 1,804,800/2,810,100 (307.3 windows/s)
cache rows 1,811,200/2,810,100 (307.3 windows/s)
cache rows 1,817,600/2,810,100 (307.3 windows/s)
cache rows 1,824,000/2,810,100 (307.3 windows/s)
cache rows 1,830,400/2,810,100 (307.3 windows/s)
cache rows 1,836,800/2,810,100 (307.3 windows/s)
cache rows 1,843,200/2,810,100 (307.3 windows/s)
cache rows 1,849,600/2,810,100 (307.3 windows/s)
cache rows 1,856,000/2,810,100 (307.3 windows/s)
cache rows 1,862,400/2,810,100 (307.3 windows/s)
cache rows 1,868,800/2,810,100 (307.3 windows/s)
cache rows 1,875,200/2,810,100 (307.3 windows/s)
cache rows 1,881,600/2,810,100 (307.3 windows/s)
cache rows 1,888,000/2,810,100 (307.3 windows/s)
cache rows 1,894,400/2,810,100 (307.3 windows/s)
cache rows 1,900,800/2,810,100 (307.3 windows/s)
cache rows 1,907,200/2,810,100 (307.3 windows/s)
cache rows 1,913,600/2,810,100 (307.3 windows/s)
cache rows 1,920,000/2,810,100 (307.3 windows/s)
cache rows 1,926,400/2,810,100 (307.3 windows/s)
cache rows 1,932,800/2,810,100 (307.3 windows/s)
cache rows 1,939,200/2,810,100 (307.3 windows/s)
cache rows 1,945,600/2,810,100 (307.3 windows/s)
cache rows 1,952,000/2,810,100 (307.3 windows/s)
cache rows 1,958,400/2,810,100 (307.3 windows/s)
cache rows 1,964,800/2,810,100 (307.3 windows/s)
cache rows 1,971,200/2,810,100 (307.3 windows/s)
cache rows 1,977,600/2,810,100 (307.3 windows/s)
cache rows 1,984,000/2,810,100 (307.3 windows/s)
cache rows 1,990,400/2,810,100 (307.3 windows/s)
cache rows 1,996,800/2,810,100 (307.3 windows/s)
cache rows 2,003,200/2,810,100 (307.3 windows/s)
cache rows 2,009,600/2,810,100 (307.3 windows/s)
cache rows 2,016,000/2,810,100 (307.3 windows/s)
cache rows 2,022,400/2,810,100 (307.3 windows/s)
cache rows 2,028,800/2,810,100 (307.3 windows/s)
cache rows 2,035,200/2,810,100 (307.3 windows/s)
cache rows 2,041,600/2,810,100 (307.3 windows/s)
cache rows 2,048,000/2,810,100 (307.3 windows/s)
cache rows 2,054,400/2,810,100 (307.3 windows/s)
cache rows 2,060,800/2,810,100 (307.3 windows/s)
cache rows 2,067,200/2,810,100 (307.3 windows/s)
cache rows 2,073,600/2,810,100 (307.3 windows/s)
cache rows 2,080,000/2,810,100 (307.3 windows/s)
cache rows 2,086,400/2,810,100 (307.3 windows/s)
cache rows 2,092,800/2,810,100 (307.3 windows/s)
cache rows 2,099,200/2,810,100 (307.3 windows/s)
cache rows 2,105,600/2,810,100 (307.3 windows/s)
cache rows 2,112,000/2,810,100 (307.3 windows/s)
cache rows 2,118,400/2,810,100 (307.3 windows/s)
cache rows 2,124,800/2,810,100 (307.3 windows/s)
cache rows 2,131,200/2,810,100 (307.3 windows/s)
cache rows 2,137,600/2,810,100 (307.3 windows/s)
cache rows 2,144,000/2,810,100 (307.3 windows/s)
cache rows 2,150,400/2,810,100 (307.3 windows/s)
cache rows 2,156,800/2,810,100 (307.3 windows/s)
cache rows 2,163,200/2,810,100 (307.3 windows/s)
cache rows 2,169,600/2,810,100 (307.3 windows/s)
cache rows 2,176,000/2,810,100 (307.3 windows/s)
cache rows 2,182,400/2,810,100 (307.3 windows/s)
cache rows 2,188,800/2,810,100 (307.3 windows/s)
cache rows 2,195,200/2,810,100 (307.3 windows/s)
cache rows 2,201,600/2,810,100 (307.3 windows/s)
cache rows 2,208,000/2,810,100 (307.3 windows/s)
cache rows 2,214,400/2,810,100 (307.3 windows/s)
cache rows 2,220,800/2,810,100 (307.3 windows/s)
cache rows 2,227,200/2,810,100 (307.3 windows/s)
cache rows 2,233,600/2,810,100 (307.3 windows/s)
cache rows 2,240,000/2,810,100 (307.3 windows/s)
cache rows 2,246,400/2,810,100 (307.3 windows/s)
cache rows 2,252,800/2,810,100 (307.3 windows/s)
cache rows 2,259,200/2,810,100 (307.3 windows/s)
cache rows 2,265,600/2,810,100 (307.3 windows/s)
cache rows 2,272,000/2,810,100 (307.3 windows/s)
cache rows 2,278,400/2,810,100 (307.3 windows/s)
cache rows 2,284,800/2,810,100 (307.3 windows/s)
cache rows 2,291,200/2,810,100 (307.3 windows/s)
cache rows 2,297,600/2,810,100 (307.3 windows/s)
cache rows 2,304,000/2,810,100 (307.3 windows/s)
cache rows 2,310,400/2,810,100 (307.3 windows/s)
cache rows 2,316,800/2,810,100 (307.3 windows/s)
cache rows 2,323,200/2,810,100 (307.3 windows/s)
cache rows 2,329,600/2,810,100 (307.3 windows/s)
cache rows 2,336,000/2,810,100 (307.3 windows/s)
cache rows 2,342,400/2,810,100 (307.3 windows/s)
cache rows 2,348,800/2,810,100 (307.3 windows/s)
cache rows 2,355,200/2,810,100 (307.3 windows/s)
cache rows 2,361,600/2,810,100 (307.3 windows/s)
cache rows 2,368,000/2,810,100 (307.3 windows/s)
cache rows 2,374,400/2,810,100 (307.3 windows/s)
cache rows 2,380,800/2,810,100 (307.3 windows/s)
cache rows 2,387,200/2,810,100 (307.3 windows/s)
cache rows 2,393,600/2,810,100 (307.3 windows/s)
cache rows 2,400,000/2,810,100 (307.3 windows/s)
cache rows 2,406,400/2,810,100 (307.3 windows/s)
cache rows 2,412,800/2,810,100 (307.3 windows/s)
cache rows 2,419,200/2,810,100 (307.3 windows/s)
cache rows 2,425,600/2,810,100 (307.3 windows/s)
cache rows 2,432,000/2,810,100 (307.3 windows/s)
cache rows 2,438,400/2,810,100 (307.3 windows/s)
cache rows 2,444,800/2,810,100 (307.3 windows/s)
cache rows 2,451,200/2,810,100 (307.3 windows/s)
cache rows 2,457,600/2,810,100 (307.3 windows/s)
cache rows 2,464,000/2,810,100 (307.3 windows/s)
cache rows 2,470,400/2,810,100 (307.3 windows/s)
cache rows 2,476,800/2,810,100 (307.3 windows/s)
cache rows 2,483,200/2,810,100 (307.3 windows/s)
cache rows 2,489,600/2,810,100 (307.3 windows/s)
cache rows 2,496,000/2,810,100 (307.3 windows/s)
cache rows 2,502,400/2,810,100 (307.3 windows/s)
cache rows 2,508,800/2,810,100 (307.3 windows/s)
cache rows 2,515,200/2,810,100 (307.3 windows/s)
cache rows 2,521,600/2,810,100 (307.3 windows/s)
cache rows 2,528,000/2,810,100 (307.3 windows/s)
cache rows 2,534,400/2,810,100 (307.3 windows/s)
cache rows 2,540,800/2,810,100 (307.3 windows/s)
cache rows 2,547,200/2,810,100 (307.3 windows/s)
cache rows 2,553,600/2,810,100 (307.3 windows/s)
cache rows 2,560,000/2,810,100 (307.3 windows/s)
cache rows 2,566,400/2,810,100 (307.3 windows/s)
cache rows 2,572,800/2,810,100 (307.3 windows/s)
cache rows 2,579,200/2,810,100 (307.3 windows/s)
cache rows 2,585,600/2,810,100 (307.3 windows/s)
cache rows 2,592,000/2,810,100 (307.3 windows/s)
cache rows 2,598,400/2,810,100 (307.3 windows/s)
cache rows 2,604,800/2,810,100 (307.3 windows/s)
cache rows 2,611,200/2,810,100 (307.3 windows/s)
cache rows 2,617,600/2,810,100 (307.3 windows/s)
cache rows 2,624,000/2,810,100 (307.3 windows/s)
cache rows 2,630,400/2,810,100 (307.3 windows/s)
cache rows 2,636,800/2,810,100 (307.3 windows/s)
cache rows 2,643,200/2,810,100 (307.3 windows/s)
cache rows 2,649,600/2,810,100 (307.3 windows/s)
cache rows 2,656,000/2,810,100 (307.3 windows/s)
cache rows 2,662,400/2,810,100 (307.3 windows/s)
cache rows 2,668,800/2,810,100 (307.3 windows/s)
cache rows 2,675,200/2,810,100 (307.3 windows/s)
cache rows 2,681,600/2,810,100 (307.3 windows/s)
cache rows 2,688,000/2,810,100 (307.3 windows/s)
cache rows 2,694,400/2,810,100 (307.3 windows/s)
cache rows 2,700,800/2,810,100 (307.3 windows/s)
cache rows 2,707,200/2,810,100 (307.3 windows/s)
cache rows 2,713,600/2,810,100 (307.3 windows/s)
cache rows 2,720,000/2,810,100 (307.3 windows/s)
cache rows 2,726,400/2,810,100 (307.3 windows/s)
cache rows 2,732,800/2,810,100 (307.3 windows/s)
cache rows 2,739,200/2,810,100 (307.3 windows/s)
cache rows 2,745,600/2,810,100 (307.3 windows/s)
cache rows 2,752,000/2,810,100 (307.3 windows/s)
cache rows 2,758,400/2,810,100 (307.3 windows/s)
cache rows 2,764,800/2,810,100 (307.3 windows/s)
cache rows 2,771,200/2,810,100 (307.3 windows/s)
cache rows 2,777,600/2,810,100 (307.2 windows/s)
cache rows 2,784,000/2,810,100 (307.2 windows/s)
cache rows 2,790,400/2,810,100 (307.2 windows/s)
cache rows 2,796,800/2,810,100 (307.2 windows/s)
cache rows 2,803,200/2,810,100 (307.2 windows/s)
cache rows 2,809,600/2,810,100 (307.2 windows/s)
cache rows 2,810,100/2,810,100 (307.2 windows/s)
{
  "d_bottleneck": 32,
  "d_spatial": 64,
  "dtype": "float32",
  "encoding": "exact independent causal W-frame windows; FP32 outputs",
  "format": "dreamer4-community-window-latents-v1",
  "frame_count": 2902900,
  "latents_file": "latents.npy",
  "latents_sha256": "48d9a9f4bd504f36e5ea81af2f35089e92dff4f1260d6ca1b1dd811a8ea53cb8",
  "n_latents": 16,
  "n_spatial": 8,
  "packing_factor": 2,
  "row_by_start_file": "row-by-start.npy",
  "row_by_start_sha256": "1ec521e31facf6cb8fd2404e66122d28bf6b6ff3e5732ce218332cabf26fc861",
  "shape": [
    2810100,
    32,
    8,
    64
  ],
  "tokenizer_sha256": "347052fae0212ea2c6b943ae7c28a886298ce551d4155b882084d63a3ea48797",
  "train_manifest_sha256": "834c9b29e4436614694635826d570d3695542058e020487500691e8954ab673c",
  "window": 32,
  "window_count": 2810100
}
EXACT COMMUNITY LATENT CACHE BUILD PASSED
/weka/martius/mot936/dreamerv4-tests/runs/dreamer4-community-baseline/envs/venv-82924c6c2b64/lib64/python3.11/site-packages/pydantic/_internal/_generate_schema.py:2274: UnsupportedFieldAttributeWarning: The 'repr' attribute with value False was provided to the `Field()` function, which has no effect in the context it was used. 'repr' is field-specific metadata, and can only be attached to a model field using `Annotated` metadata or by assignment. This may have happened because an `Annotated` type alias using the `type` statement was used, or if the `Field()` function was attached to a single member of a union type.
  warnings.warn(
/weka/martius/mot936/dreamerv4-tests/runs/dreamer4-community-baseline/envs/venv-82924c6c2b64/lib64/python3.11/site-packages/pydantic/_internal/_generate_schema.py:2274: UnsupportedFieldAttributeWarning: The 'frozen' attribute with value True was provided to the `Field()` function, which has no effect in the context it was used. 'frozen' is field-specific metadata, and can only be attached to a model field using `Annotated` metadata or by assignment. This may have happened because an `Annotated` type alias using the `type` statement was used, or if the `Field()` function was attached to a single member of a union type.
  warnings.warn(
Traceback (most recent call last):
  File "/weka/martius/mot936/dreamerv4-tests/experiments/dreamer4-community-mem2mem/validate_latent_cache.py", line 101, in <module>
    main()
  File "/weka/martius/mot936/dreamerv4-tests/experiments/dreamer4-community-mem2mem/validate_latent_cache.py", line 72, in main
    assert torch.equal(packed, cached)
           ^^^^^^^^^^^^^^^^^^^^^^^^^^^
AssertionError
