chance (predict-mean MSE) ~ 2.989

=== no_relay ===
  [no_relay] step    0 loss 10.9020
  [no_relay] step 1000 loss 2.9340
  [no_relay] step 2000 loss 2.8699
  [no_relay] step 3000 loss 2.8664
  [no_relay] step 3999 loss 2.7584
  recovery MSE by depth: {1: 0.9289, 2: 1.8241, 4: 2.9964, 8: 4.5445, 16: 3.4783, 31: 3.3508, 50: 3.2969, 100: 3.3251, 150: 2.9645, 199: 3.1043}

=== bptt ===
  [bptt] step    0 loss 10.8924
  [bptt] step 1000 loss 0.0299
  [bptt] step 2000 loss 0.0119
  [bptt] step 3000 loss 0.0081
  [bptt] step 3999 loss 0.0078
  recovery MSE by depth: {1: 0.0077, 2: 0.0118, 4: 0.007, 8: 0.0041, 16: 0.006, 31: 0.0193, 50: 0.5766, 100: 6.6087, 150: 5.7605, 199: 6.7518}

=== tbptt1 ===
  [tbptt-1] step    0 loss 10.8924
  [tbptt-1] step 1000 loss 2.4392
  [tbptt-1] step 2000 loss 2.1878
  [tbptt-1] step 3000 loss 2.4787
  [tbptt-1] step 3999 loss 2.2909
  recovery MSE by depth: {1: 0.0751, 2: 0.2186, 4: 0.724, 8: 2.3882, 16: 3.0499, 31: 2.8911, 50: 3.2373, 100: 3.3027, 150: 3.0704, 199: 3.2611}

=== tbptt2 ===
  [tbptt-2] step    0 loss 10.8924
  [tbptt-2] step 1000 loss 2.5424
  [tbptt-2] step 2000 loss 2.2671
  [tbptt-2] step 3000 loss 2.1808
  [tbptt-2] step 3999 loss 1.7795
  recovery MSE by depth: {1: 0.0178, 2: 0.0819, 4: 0.2427, 8: 0.9403, 16: 2.6367, 31: 2.9168, 50: 3.3828, 100: 3.2159, 150: 2.9633, 199: 2.9778}

=== tbptt4 ===
  [tbptt-4] step    0 loss 10.8924
  [tbptt-4] step 1000 loss 1.5780
  [tbptt-4] step 2000 loss 0.5840
